BL51 BANKED LINKER/LOCATER V6.22                                                        11/19/2014  11:05:12  PAGE 1


BL51 BANKED LINKER/LOCATER V6.22, INVOKED BY:
C:\KEIL\C51\BIN\BL51.EXE WorkerB.obj TO test RAMSIZE (256)


MEMORY MODEL: SMALL


INPUT MODULES INCLUDED:
  WorkerB.obj (WORKERB)
  C:\KEIL\C51\LIB\C51S.LIB (?C_STARTUP)
  C:\KEIL\C51\LIB\C51S.LIB (?C?CLDPTR)
  C:\KEIL\C51\LIB\C51S.LIB (?C?CSTOPTR)
  C:\KEIL\C51\LIB\C51S.LIB (?C_INIT)


LINK MAP OF MODULE:  test (WORKERB)


            TYPE    BASE      LENGTH    RELOCATION   SEGMENT NAME
            -----------------------------------------------------

            * * * * * * *   D A T A   M E M O R Y   * * * * * * *
            REG     0000H     0008H     ABSOLUTE     "REG BANK 0"
            DATA    0008H     000DH     UNIT         _DATA_GROUP_
                    0015H     000BH                  *** GAP ***
            DATA    0020H     0001H     BIT_ADDR     ?BA?WORKERB
            DATA    0021H     003CH     UNIT         ?DT?WORKERB
            IDATA   005DH     0001H     UNIT         ?STACK

            * * * * * * *   C O D E   M E M O R Y   * * * * * * *
            CODE    0000H     0003H     ABSOLUTE     
            CODE    0003H     009DH     UNIT         ?PR?MAIN?WORKERB
            CODE    00A0H     008CH     UNIT         ?C_C51STARTUP
            CODE    012CH     0047H     UNIT         ?C_INITSEG
            CODE    0173H     0043H     UNIT         ?PR?INIT_NRF24L01?WORKERB
            CODE    01B6H     003BH     UNIT         ?C?LIB_CODE
            CODE    01F1H     0039H     UNIT         ?PR?_SPI_WRITE_BUF?WORKERB
            CODE    022AH     0031H     UNIT         ?PR?_SPI_READ_BUF?WORKERB
            CODE    025BH     002EH     UNIT         ?PR?_NRF24L01_RXPACKET?WORKERB
            CODE    0289H     002BH     UNIT         ?PR?_NRF24L01_TXPACKET?WORKERB
            CODE    02B4H     0023H     UNIT         ?PR?_DELAY?WORKERB
            CODE    02D7H     0019H     UNIT         ?PR?_SPI_RW?WORKERB
            CODE    02F0H     0011H     UNIT         ?PR?_SPI_RW_REG?WORKERB
            CODE    0301H     0010H     UNIT         ?PR?SETRX_MODE?WORKERB
            CODE    0311H     000DH     UNIT         ?PR?_SPI_READ?WORKERB
            CODE    031EH     000BH     UNIT         ?PR?_INERDELAY_US?WORKERB



OVERLAY MAP OF MODULE:   test (WORKERB)


SEGMENT                                  DATA_GROUP 
  +--> CALLED SEGMENT                  START    LENGTH
------------------------------------------------------
?C_C51STARTUP                          -----    -----
  +--> ?PR?MAIN?WORKERB
  +--> ?C_INITSEG
BL51 BANKED LINKER/LOCATER V6.22                                                      11/19/2014  11:05:12  PAGE 2



?PR?MAIN?WORKERB                       0008H    0005H
  +--> ?PR?INIT_NRF24L01?WORKERB
  +--> ?PR?_NRF24L01_TXPACKET?WORKERB
  +--> ?PR?_DELAY?WORKERB
  +--> ?PR?SETRX_MODE?WORKERB
  +--> ?PR?_NRF24L01_RXPACKET?WORKERB

?PR?INIT_NRF24L01?WORKERB              -----    -----
  +--> ?PR?_INERDELAY_US?WORKERB
  +--> ?PR?_SPI_WRITE_BUF?WORKERB
  +--> ?PR?_SPI_RW_REG?WORKERB

?PR?_SPI_WRITE_BUF?WORKERB             0010H    0005H
  +--> ?PR?_SPI_RW?WORKERB

?PR?_SPI_RW_REG?WORKERB                -----    -----
  +--> ?PR?_SPI_RW?WORKERB

?PR?_NRF24L01_TXPACKET?WORKERB         000DH    0003H
  +--> ?PR?_SPI_WRITE_BUF?WORKERB
  +--> ?PR?_SPI_RW_REG?WORKERB
  +--> ?PR?_INERDELAY_US?WORKERB

?PR?SETRX_MODE?WORKERB                 -----    -----
  +--> ?PR?_SPI_RW_REG?WORKERB
  +--> ?PR?_INERDELAY_US?WORKERB

?PR?_NRF24L01_RXPACKET?WORKERB         000DH    0003H
  +--> ?PR?_SPI_READ?WORKERB
  +--> ?PR?_SPI_READ_BUF?WORKERB
  +--> ?PR?_SPI_RW_REG?WORKERB

?PR?_SPI_READ?WORKERB                  -----    -----
  +--> ?PR?_SPI_RW?WORKERB

?PR?_SPI_READ_BUF?WORKERB              0010H    0005H
  +--> ?PR?_SPI_RW?WORKERB



SYMBOL TABLE OF MODULE:  test (WORKERB)

  VALUE           TYPE          NAME
  ----------------------------------

  -------         MODULE        WORKERB
  C:0000H         SYMBOL        _ICE_DUMMY_
  D:0080H         PUBLIC        P0
  D:0090H         PUBLIC        P1
  D:00A0H         PUBLIC        P2
  D:00B0H         PUBLIC        P3
  B:0090H.1       PUBLIC        CE
  D:00A8H         PUBLIC        IE
  C:0173H         PUBLIC        init_NRF24L01
  D:0021H         PUBLIC        RX_ADDRESS
  D:0026H         PUBLIC        TX_ADDRESS
BL51 BANKED LINKER/LOCATER V6.22                                                      11/19/2014  11:05:12  PAGE 3


  D:00B8H         PUBLIC        IP
  B:00B0H.6       PUBLIC        KEY1
  B:00B0H.7       PUBLIC        KEY2
  B:00B0H.5       PUBLIC        KEY3
  B:0020H.6       PUBLIC        RX_DR
  B:0020H.5       PUBLIC        TX_DS
  C:025BH         PUBLIC        _nRF24L01_RxPacket
  C:0289H         PUBLIC        _nRF24L01_TxPacket
  C:0003H         PUBLIC        main
  D:0098H         PUBLIC        SCON
  D:0088H         PUBLIC        TCON
  B:0090H.4       PUBLIC        MOSI
  B:0090H.3       PUBLIC        MISO
  C:0301H         PUBLIC        SetRX_Mode
  D:002BH         PUBLIC        seg
  D:0020H         PUBLIC        sta
  C:022AH         PUBLIC        _SPI_Read_Buf
  C:0311H         PUBLIC        _SPI_Read
  C:01F8H         PUBLIC        _SPI_Write_Buf
  B:0090H.2       PUBLIC        SCK
  B:00B0H.2       PUBLIC        CSN
  B:00A0H.3       PUBLIC        led0
  B:00A0H.2       PUBLIC        led1
  D:00C8H         PUBLIC        T2CON
  B:00A0H.1       PUBLIC        led2
  B:00A0H.0       PUBLIC        led3
  D:0035H         PUBLIC        RxBuf
  D:0049H         PUBLIC        TxBuf
  C:031EH         PUBLIC        _inerDelay_us
  B:0020H.4       PUBLIC        MAX_RT
  C:02B4H         PUBLIC        _Delay
  C:02F0H         PUBLIC        _SPI_RW_Reg
  C:02D7H         PUBLIC        _SPI_RW
  D:00D0H         PUBLIC        PSW
  -------         PROC          _DELAY
  D:0006H         SYMBOL        s
  -------         DO            
  D:0004H         SYMBOL        i
  -------         ENDDO         
  C:02B4H         LINE#         86
  C:02B4H         LINE#         87
  C:02B4H         LINE#         89
  C:02C5H         LINE#         90
  C:02D6H         LINE#         91
  -------         ENDPROC       _DELAY
  -------         PROC          _INERDELAY_US
  D:0007H         SYMBOL        n
  C:031EH         LINE#         100
  C:031EH         LINE#         101
  C:031EH         LINE#         102
  C:0324H         LINE#         103
  C:0328H         LINE#         104
  -------         ENDPROC       _INERDELAY_US
  -------         PROC          INIT_NRF24L01
  C:0173H         LINE#         108
  C:0173H         LINE#         109
  C:0173H         LINE#         110
BL51 BANKED LINKER/LOCATER V6.22                                                      11/19/2014  11:05:12  PAGE 4


  C:0178H         LINE#         111
  C:017AH         LINE#         112
  C:017CH         LINE#         113
  C:017EH         LINE#         114
  C:018CH         LINE#         115
  C:0193H         LINE#         116
  C:019AH         LINE#         117
  C:01A1H         LINE#         118
  C:01A8H         LINE#         119
  C:01AFH         LINE#         120
  -------         ENDPROC       INIT_NRF24L01
  -------         PROC          _SPI_RW
  D:0007H         SYMBOL        uchar
  -------         DO            
  D:0006H         SYMBOL        bit_ctr
  -------         ENDDO         
  C:02D7H         LINE#         126
  C:02D7H         LINE#         127
  C:02D7H         LINE#         129
  C:02D9H         LINE#         130
  C:02D9H         LINE#         131
  C:02DDH         LINE#         132
  C:02E1H         LINE#         133
  C:02E3H         LINE#         134
  C:02E9H         LINE#         135
  C:02EBH         LINE#         136
  C:02EFH         LINE#         137
  C:02EFH         LINE#         138
  -------         ENDPROC       _SPI_RW
  -------         PROC          _SPI_READ
  D:0007H         SYMBOL        reg
  -------         DO            
  D:0007H         SYMBOL        reg_val
  -------         ENDDO         
  C:0311H         LINE#         143
  C:0311H         LINE#         144
  C:0311H         LINE#         147
  C:0313H         LINE#         148
  C:0316H         LINE#         149
  C:031BH         LINE#         150
  C:031DH         LINE#         152
  C:031DH         LINE#         153
  -------         ENDPROC       _SPI_READ
  -------         PROC          _SPI_RW_REG
  D:0007H         SYMBOL        reg
  D:0005H         SYMBOL        value
  -------         DO            
  D:0004H         SYMBOL        status
  -------         ENDDO         
  C:02F0H         LINE#         157
  C:02F0H         LINE#         158
  C:02F0H         LINE#         161
  C:02F2H         LINE#         162
  C:02F7H         LINE#         163
  C:02FCH         LINE#         164
  C:02FEH         LINE#         166
  C:0300H         LINE#         167
BL51 BANKED LINKER/LOCATER V6.22                                                      11/19/2014  11:05:12  PAGE 5


  -------         ENDPROC       _SPI_RW_REG
  -------         PROC          _SPI_READ_BUF
  D:0007H         SYMBOL        reg
  D:0011H         SYMBOL        pBuf
  D:0014H         SYMBOL        uchars
  -------         DO            
  D:0005H         SYMBOL        status
  D:0004H         SYMBOL        uchar_ctr
  -------         ENDDO         
  C:022AH         LINE#         172
  C:0230H         LINE#         173
  C:0230H         LINE#         176
  C:0232H         LINE#         177
  C:0237H         LINE#         179
  C:023FH         LINE#         180
  C:0256H         LINE#         182
  C:0258H         LINE#         184
  C:025AH         LINE#         185
  -------         ENDPROC       _SPI_READ_BUF
  -------         PROC          L?0044
  -------         ENDPROC       L?0044
  -------         PROC          _SPI_WRITE_BUF
  D:0007H         SYMBOL        reg
  D:0011H         SYMBOL        pBuf
  D:0014H         SYMBOL        uchars
  -------         DO            
  D:0005H         SYMBOL        status
  D:0004H         SYMBOL        uchar_ctr
  -------         ENDDO         
  C:01F8H         LINE#         190
  C:01FEH         LINE#         191
  C:01FEH         LINE#         194
  C:0200H         LINE#         195
  C:0205H         LINE#         196
  C:020DH         LINE#         197
  C:0225H         LINE#         198
  C:0227H         LINE#         199
  C:0229H         LINE#         200
  -------         ENDPROC       _SPI_WRITE_BUF
  -------         PROC          SETRX_MODE
  C:0301H         LINE#         205
  C:0301H         LINE#         206
  C:0301H         LINE#         207
  C:0303H         LINE#         208
  C:030AH         LINE#         209
  C:030CH         LINE#         210
  -------         ENDPROC       SETRX_MODE
  -------         PROC          _NRF24L01_RXPACKET
  D:000DH         SYMBOL        rx_buf
  -------         DO            
  D:0003H         SYMBOL        revale
  -------         ENDDO         
  C:025BH         LINE#         216
  C:0261H         LINE#         217
  C:0261H         LINE#         218
  C:0263H         LINE#         219
  C:026AH         LINE#         220
BL51 BANKED LINKER/LOCATER V6.22                                                      11/19/2014  11:05:12  PAGE 6


  C:026DH         LINE#         221
  C:026DH         LINE#         222
  C:026FH         LINE#         223
  C:027DH         LINE#         224
  C:027FH         LINE#         225
  C:027FH         LINE#         226
  C:0286H         LINE#         227
  C:0288H         LINE#         228
  -------         ENDPROC       _NRF24L01_RXPACKET
  -------         PROC          _NRF24L01_TXPACKET
  D:000DH         SYMBOL        tx_buf
  C:0289H         LINE#         233
  C:028FH         LINE#         234
  C:028FH         LINE#         235
  C:0291H         LINE#         236
  C:0298H         LINE#         237
  C:02A6H         LINE#         238
  C:02ADH         LINE#         239
  C:02AFH         LINE#         240
  -------         ENDPROC       _NRF24L01_TXPACKET
  -------         PROC          MAIN
  -------         DO            
  D:0008H         SYMBOL        Asking
  D:000AH         SYMBOL        Quizing
  D:000CH         SYMBOL        tf
  -------         ENDDO         
  C:0003H         LINE#         243
  C:0003H         LINE#         244
  C:0003H         LINE#         246
  C:0006H         LINE#         247
  C:000EH         LINE#         248
  C:0011H         LINE#         249
  C:0019H         LINE#         250
  C:001CH         LINE#         251
  C:001CH         LINE#         252
  C:001FH         LINE#         253
  C:0022H         LINE#         254
  C:0028H         LINE#         255
  C:002BH         LINE#         256
  C:002EH         LINE#         257
  C:002EH         LINE#         259
  C:0031H         LINE#         260
  C:0034H         LINE#         261
  C:0037H         LINE#         262
  C:003CH         LINE#         263
  C:003FH         LINE#         264
  C:003FH         LINE#         265
  C:0042H         LINE#         266
  C:0045H         LINE#         267
  C:0048H         LINE#         268
  C:004DH         LINE#         269
  C:0050H         LINE#         270
  C:0050H         LINE#         272
  C:0055H         LINE#         273
  C:005EH         LINE#         274
  C:0061H         LINE#         275
  C:0063H         LINE#         276
BL51 BANKED LINKER/LOCATER V6.22                                                      11/19/2014  11:05:12  PAGE 7


  C:006AH         LINE#         277
  C:006AH         LINE#         278
  C:006DH         LINE#         279
  C:0076H         LINE#         280
  C:007AH         LINE#         281
  C:007DH         LINE#         282
  C:0082H         LINE#         283
  C:0085H         LINE#         284
  C:0085H         LINE#         285
  C:008AH         LINE#         286
  C:0090H         LINE#         287
  C:0093H         LINE#         288
  C:0093H         LINE#         293
  C:009AH         LINE#         294
  C:009AH         LINE#         295
  C:009DH         LINE#         296
  -------         ENDPROC       MAIN
  -------         ENDMOD        WORKERB

  -------         MODULE        ?C?CLDPTR
  C:01B6H         PUBLIC        ?C?CLDPTR
  -------         ENDMOD        ?C?CLDPTR

  -------         MODULE        ?C?CSTOPTR
  C:01CFH         PUBLIC        ?C?CSTOPTR
  -------         ENDMOD        ?C?CSTOPTR

Program Size: data=83.0 xdata=0 code=809
LINK/LOCATE RUN COMPLETE.  0 WARNING(S),  0 ERROR(S)
