BL51 BANKED LINKER/LOCATER V6.22                                                        11/17/2014  03:59:43  PAGE 1


BL51 BANKED LINKER/LOCATER V6.22, INVOKED BY:
C:\KEIL\C51\BIN\BL51.EXE Queen.obj TO test RAMSIZE (256)


MEMORY MODEL: SMALL


INPUT MODULES INCLUDED:
  Queen.obj (QUEEN)
  C:\KEIL\C51\LIB\C51S.LIB (?C_STARTUP)
  C:\KEIL\C51\LIB\C51S.LIB (?C?CLDPTR)
  C:\KEIL\C51\LIB\C51S.LIB (?C?CSTOPTR)
  C:\KEIL\C51\LIB\C51S.LIB (?C_INIT)


LINK MAP OF MODULE:  test (QUEEN)


            TYPE    BASE      LENGTH    RELOCATION   SEGMENT NAME
            -----------------------------------------------------

            * * * * * * *   D A T A   M E M O R Y   * * * * * * *
            REG     0000H     0008H     ABSOLUTE     "REG BANK 0"
            DATA    0008H     0011H     UNIT         _DATA_GROUP_
                    0019H     0007H                  *** GAP ***
            DATA    0020H     0001H     BIT_ADDR     ?BA?QUEEN
            DATA    0021H     003CH     UNIT         ?DT?QUEEN
            IDATA   005DH     0001H     UNIT         ?STACK

            * * * * * * *   C O D E   M E M O R Y   * * * * * * *
            CODE    0000H     0003H     ABSOLUTE     
            CODE    0003H     00D7H     UNIT         ?PR?MAIN?QUEEN
            CODE    00DAH     008CH     UNIT         ?C_C51STARTUP
            CODE    0166H     0047H     UNIT         ?C_INITSEG
            CODE    01ADH     0043H     UNIT         ?PR?INIT_NRF24L01?QUEEN
            CODE    01F0H     003BH     UNIT         ?C?LIB_CODE
            CODE    022BH     0039H     UNIT         ?PR?_SPI_WRITE_BUF?QUEEN
            CODE    0264H     0031H     UNIT         ?PR?_SPI_READ_BUF?QUEEN
            CODE    0295H     002EH     UNIT         ?PR?_NRF24L01_RXPACKET?QUEEN
            CODE    02C3H     002BH     UNIT         ?PR?_NRF24L01_TXPACKET?QUEEN
            CODE    02EEH     0023H     UNIT         ?PR?_DELAY?QUEEN
            CODE    0311H     0019H     UNIT         ?PR?_SPI_RW?QUEEN
            CODE    032AH     0011H     UNIT         ?PR?_SPI_RW_REG?QUEEN
            CODE    033BH     0010H     UNIT         ?PR?SETRX_MODE?QUEEN
            CODE    034BH     000DH     UNIT         ?PR?_SPI_READ?QUEEN
            CODE    0358H     000BH     UNIT         ?PR?_INERDELAY_US?QUEEN



OVERLAY MAP OF MODULE:   test (QUEEN)


SEGMENT                                DATA_GROUP 
  +--> CALLED SEGMENT                START    LENGTH
----------------------------------------------------
?C_C51STARTUP                        -----    -----
  +--> ?PR?MAIN?QUEEN
  +--> ?C_INITSEG
BL51 BANKED LINKER/LOCATER V6.22                                                      11/17/2014  03:59:43  PAGE 2



?PR?MAIN?QUEEN                       0008H    0009H
  +--> ?PR?INIT_NRF24L01?QUEEN
  +--> ?PR?_NRF24L01_TXPACKET?QUEEN
  +--> ?PR?_DELAY?QUEEN
  +--> ?PR?SETRX_MODE?QUEEN
  +--> ?PR?_NRF24L01_RXPACKET?QUEEN

?PR?INIT_NRF24L01?QUEEN              -----    -----
  +--> ?PR?_INERDELAY_US?QUEEN
  +--> ?PR?_SPI_WRITE_BUF?QUEEN
  +--> ?PR?_SPI_RW_REG?QUEEN

?PR?_SPI_WRITE_BUF?QUEEN             0014H    0005H
  +--> ?PR?_SPI_RW?QUEEN

?PR?_SPI_RW_REG?QUEEN                -----    -----
  +--> ?PR?_SPI_RW?QUEEN

?PR?_NRF24L01_TXPACKET?QUEEN         0011H    0003H
  +--> ?PR?_SPI_WRITE_BUF?QUEEN
  +--> ?PR?_SPI_RW_REG?QUEEN
  +--> ?PR?_INERDELAY_US?QUEEN

?PR?SETRX_MODE?QUEEN                 -----    -----
  +--> ?PR?_SPI_RW_REG?QUEEN
  +--> ?PR?_INERDELAY_US?QUEEN

?PR?_NRF24L01_RXPACKET?QUEEN         0011H    0003H
  +--> ?PR?_SPI_READ?QUEEN
  +--> ?PR?_SPI_READ_BUF?QUEEN
  +--> ?PR?_SPI_RW_REG?QUEEN

?PR?_SPI_READ?QUEEN                  -----    -----
  +--> ?PR?_SPI_RW?QUEEN

?PR?_SPI_READ_BUF?QUEEN              0014H    0005H
  +--> ?PR?_SPI_RW?QUEEN



SYMBOL TABLE OF MODULE:  test (QUEEN)

  VALUE           TYPE          NAME
  ----------------------------------

  -------         MODULE        QUEEN
  C:0000H         SYMBOL        _ICE_DUMMY_
  D:0080H         PUBLIC        P0
  D:0090H         PUBLIC        P1
  D:00A0H         PUBLIC        P2
  D:00B0H         PUBLIC        P3
  B:0090H.1       PUBLIC        CE
  D:00A8H         PUBLIC        IE
  C:01ADH         PUBLIC        init_NRF24L01
  D:0021H         PUBLIC        RX_ADDRESS
  D:0026H         PUBLIC        TX_ADDRESS
BL51 BANKED LINKER/LOCATER V6.22                                                      11/17/2014  03:59:43  PAGE 3


  D:00B8H         PUBLIC        IP
  B:0020H.6       PUBLIC        RX_DR
  B:0020H.5       PUBLIC        TX_DS
  C:0295H         PUBLIC        _nRF24L01_RxPacket
  C:02C3H         PUBLIC        _nRF24L01_TxPacket
  C:0003H         PUBLIC        main
  D:0098H         PUBLIC        SCON
  D:0088H         PUBLIC        TCON
  B:0090H.4       PUBLIC        MOSI
  B:0090H.3       PUBLIC        MISO
  C:033BH         PUBLIC        SetRX_Mode
  D:002BH         PUBLIC        seg
  D:0020H         PUBLIC        sta
  C:0264H         PUBLIC        _SPI_Read_Buf
  C:034BH         PUBLIC        _SPI_Read
  C:0232H         PUBLIC        _SPI_Write_Buf
  B:0090H.2       PUBLIC        SCK
  B:00B0H.2       PUBLIC        CSN
  B:00A0H.3       PUBLIC        led0
  B:00A0H.2       PUBLIC        led1
  D:00C8H         PUBLIC        T2CON
  B:00A0H.1       PUBLIC        led2
  B:00A0H.0       PUBLIC        led3
  D:0035H         PUBLIC        RxBuf
  D:0049H         PUBLIC        TxBuf
  C:0358H         PUBLIC        _inerDelay_us
  B:0020H.4       PUBLIC        MAX_RT
  C:02EEH         PUBLIC        _Delay
  C:032AH         PUBLIC        _SPI_RW_Reg
  C:0311H         PUBLIC        _SPI_RW
  D:00D0H         PUBLIC        PSW
  -------         PROC          _DELAY
  D:0006H         SYMBOL        s
  -------         DO            
  D:0004H         SYMBOL        i
  -------         ENDDO         
  C:02EEH         LINE#         83
  C:02EEH         LINE#         84
  C:02EEH         LINE#         86
  C:02FFH         LINE#         87
  C:0310H         LINE#         88
  -------         ENDPROC       _DELAY
  -------         PROC          _INERDELAY_US
  D:0007H         SYMBOL        n
  C:0358H         LINE#         97
  C:0358H         LINE#         98
  C:0358H         LINE#         99
  C:035EH         LINE#         100
  C:0362H         LINE#         101
  -------         ENDPROC       _INERDELAY_US
  -------         PROC          INIT_NRF24L01
  C:01ADH         LINE#         105
  C:01ADH         LINE#         106
  C:01ADH         LINE#         107
  C:01B2H         LINE#         108
  C:01B4H         LINE#         109
  C:01B6H         LINE#         110
BL51 BANKED LINKER/LOCATER V6.22                                                      11/17/2014  03:59:43  PAGE 4


  C:01B8H         LINE#         111
  C:01C6H         LINE#         112
  C:01CDH         LINE#         113
  C:01D4H         LINE#         114
  C:01DBH         LINE#         115
  C:01E2H         LINE#         116
  C:01E9H         LINE#         117
  -------         ENDPROC       INIT_NRF24L01
  -------         PROC          _SPI_RW
  D:0007H         SYMBOL        uchar
  -------         DO            
  D:0006H         SYMBOL        bit_ctr
  -------         ENDDO         
  C:0311H         LINE#         123
  C:0311H         LINE#         124
  C:0311H         LINE#         126
  C:0313H         LINE#         127
  C:0313H         LINE#         128
  C:0317H         LINE#         129
  C:031BH         LINE#         130
  C:031DH         LINE#         131
  C:0323H         LINE#         132
  C:0325H         LINE#         133
  C:0329H         LINE#         134
  C:0329H         LINE#         135
  -------         ENDPROC       _SPI_RW
  -------         PROC          _SPI_READ
  D:0007H         SYMBOL        reg
  -------         DO            
  D:0007H         SYMBOL        reg_val
  -------         ENDDO         
  C:034BH         LINE#         140
  C:034BH         LINE#         141
  C:034BH         LINE#         144
  C:034DH         LINE#         145
  C:0350H         LINE#         146
  C:0355H         LINE#         147
  C:0357H         LINE#         149
  C:0357H         LINE#         150
  -------         ENDPROC       _SPI_READ
  -------         PROC          _SPI_RW_REG
  D:0007H         SYMBOL        reg
  D:0005H         SYMBOL        value
  -------         DO            
  D:0004H         SYMBOL        status
  -------         ENDDO         
  C:032AH         LINE#         154
  C:032AH         LINE#         155
  C:032AH         LINE#         158
  C:032CH         LINE#         159
  C:0331H         LINE#         160
  C:0336H         LINE#         161
  C:0338H         LINE#         163
  C:033AH         LINE#         164
  -------         ENDPROC       _SPI_RW_REG
  -------         PROC          _SPI_READ_BUF
  D:0007H         SYMBOL        reg
BL51 BANKED LINKER/LOCATER V6.22                                                      11/17/2014  03:59:43  PAGE 5


  D:0015H         SYMBOL        pBuf
  D:0018H         SYMBOL        uchars
  -------         DO            
  D:0005H         SYMBOL        status
  D:0004H         SYMBOL        uchar_ctr
  -------         ENDDO         
  C:0264H         LINE#         169
  C:026AH         LINE#         170
  C:026AH         LINE#         173
  C:026CH         LINE#         174
  C:0271H         LINE#         176
  C:0279H         LINE#         177
  C:0290H         LINE#         179
  C:0292H         LINE#         181
  C:0294H         LINE#         182
  -------         ENDPROC       _SPI_READ_BUF
  -------         PROC          L?0052
  -------         ENDPROC       L?0052
  -------         PROC          _SPI_WRITE_BUF
  D:0007H         SYMBOL        reg
  D:0015H         SYMBOL        pBuf
  D:0018H         SYMBOL        uchars
  -------         DO            
  D:0005H         SYMBOL        status
  D:0004H         SYMBOL        uchar_ctr
  -------         ENDDO         
  C:0232H         LINE#         187
  C:0238H         LINE#         188
  C:0238H         LINE#         191
  C:023AH         LINE#         192
  C:023FH         LINE#         193
  C:0247H         LINE#         194
  C:025FH         LINE#         195
  C:0261H         LINE#         196
  C:0263H         LINE#         197
  -------         ENDPROC       _SPI_WRITE_BUF
  -------         PROC          SETRX_MODE
  C:033BH         LINE#         202
  C:033BH         LINE#         203
  C:033BH         LINE#         204
  C:033DH         LINE#         205
  C:0344H         LINE#         206
  C:0346H         LINE#         207
  -------         ENDPROC       SETRX_MODE
  -------         PROC          _NRF24L01_RXPACKET
  D:0011H         SYMBOL        rx_buf
  -------         DO            
  D:0003H         SYMBOL        revale
  -------         ENDDO         
  C:0295H         LINE#         213
  C:029BH         LINE#         214
  C:029BH         LINE#         215
  C:029DH         LINE#         216
  C:02A4H         LINE#         217
  C:02A7H         LINE#         218
  C:02A7H         LINE#         219
  C:02A9H         LINE#         220
BL51 BANKED LINKER/LOCATER V6.22                                                      11/17/2014  03:59:43  PAGE 6


  C:02B7H         LINE#         221
  C:02B9H         LINE#         222
  C:02B9H         LINE#         223
  C:02C0H         LINE#         224
  C:02C2H         LINE#         225
  -------         ENDPROC       _NRF24L01_RXPACKET
  -------         PROC          _NRF24L01_TXPACKET
  D:0011H         SYMBOL        tx_buf
  C:02C3H         LINE#         230
  C:02C9H         LINE#         231
  C:02C9H         LINE#         232
  C:02CBH         LINE#         233
  C:02D2H         LINE#         234
  C:02E0H         LINE#         235
  C:02E7H         LINE#         236
  C:02E9H         LINE#         237
  -------         ENDPROC       _NRF24L01_TXPACKET
  -------         PROC          MAIN
  -------         DO            
  D:0008H         SYMBOL        Asking
  D:000AH         SYMBOL        Quizing
  D:000CH         SYMBOL        QzFn
  D:0006H         SYMBOL        i
  D:000EH         SYMBOL        tf
  D:000FH         SYMBOL        Ans
  -------         ENDDO         
  C:0003H         LINE#         275
  C:0003H         LINE#         276
  C:0003H         LINE#         278
  C:0006H         LINE#         280
  C:0012H         LINE#         281
  C:0015H         LINE#         282
  C:001DH         LINE#         283
  C:0020H         LINE#         284
  C:0020H         LINE#         285
  C:0020H         LINE#         287
  C:0025H         LINE#         288
  C:002EH         LINE#         289
  C:0031H         LINE#         290
  C:0033H         LINE#         291
  C:003AH         LINE#         292
  C:003AH         LINE#         293
  C:003DH         LINE#         294
  C:0046H         LINE#         295
  C:004DH         LINE#         296
  C:0053H         LINE#         297
  C:005FH         LINE#         298
  C:0066H         LINE#         299
  C:0068H         LINE#         300
  C:0076H         LINE#         301
  C:007DH         LINE#         302
  C:007FH         LINE#         303
  C:008DH         LINE#         304
  C:0094H         LINE#         305
  C:0096H         LINE#         306
  C:00A4H         LINE#         307
  C:00ABH         LINE#         308
BL51 BANKED LINKER/LOCATER V6.22                                                      11/17/2014  03:59:43  PAGE 7


  C:00ABH         LINE#         309
  C:00AEH         LINE#         310
  C:00B5H         LINE#         311
  C:00B9H         LINE#         312
  C:00C4H         LINE#         313
  C:00CAH         LINE#         314
  C:00CDH         LINE#         315
  C:00CDH         LINE#         317
  C:00D4H         LINE#         318
  C:00D4H         LINE#         319
  C:00D7H         LINE#         320
  -------         ENDPROC       MAIN
  -------         ENDMOD        QUEEN

  -------         MODULE        ?C?CLDPTR
  C:01F0H         PUBLIC        ?C?CLDPTR
  -------         ENDMOD        ?C?CLDPTR

  -------         MODULE        ?C?CSTOPTR
  C:0209H         PUBLIC        ?C?CSTOPTR
  -------         ENDMOD        ?C?CSTOPTR

Program Size: data=87.0 xdata=0 code=867
LINK/LOCATE RUN COMPLETE.  0 WARNING(S),  0 ERROR(S)
