BL51 BANKED LINKER/LOCATER V6.22                                                        11/19/2014  11:01:59  PAGE 1


BL51 BANKED LINKER/LOCATER V6.22, INVOKED BY:
C:\KEIL\C51\BIN\BL51.EXE Queen.obj TO test RAMSIZE (256)


MEMORY MODEL: COMPACT


INPUT MODULES INCLUDED:
  Queen.obj (QUEEN)
  C:\KEIL\C51\LIB\C51C.LIB (?C_STARTUP)
  C:\KEIL\C51\LIB\C51C.LIB (?C?COPY)
  C:\KEIL\C51\LIB\C51C.LIB (?C?CLDPTR)
  C:\KEIL\C51\LIB\C51C.LIB (?C?CSTOPTR)
  C:\KEIL\C51\LIB\C51C.LIB (?C_INIT)


LINK MAP OF MODULE:  test (QUEEN)


            TYPE    BASE      LENGTH    RELOCATION   SEGMENT NAME
            -----------------------------------------------------

            * * * * * * *   D A T A   M E M O R Y   * * * * * * *
            REG     0000H     0008H     ABSOLUTE     "REG BANK 0"
                    0008H     0018H                  *** GAP ***
            DATA    0020H     0001H     BIT_ADDR     ?BA?QUEEN
            IDATA   0021H     0001H     UNIT         ?STACK

            * * * * * * *  X D A T A   M E M O R Y  * * * * * * *
            XDATA   0000H     003CH     INPAGE       ?PD?QUEEN
            XDATA   003CH     004CH     INPAGE       _PDATA_GROUP_

            * * * * * * *   C O D E   M E M O R Y   * * * * * * *
            CODE    0000H     0003H     ABSOLUTE     
            CODE    0003H     01C9H     UNIT         ?PR?MAIN?QUEEN
            CODE    01CCH     0131H     UNIT         ?C?LIB_CODE
            CODE    02FDH     008CH     UNIT         ?C_C51STARTUP
            CODE    0389H     0047H     UNIT         ?C_INITSEG
            CODE    03D0H     0045H     UNIT         ?PR?INIT_NRF24L01?QUEEN
            CODE    0415H     003BH     UNIT         ?PR?_SPI_WRITE_BUF?QUEEN
            CODE    0450H     0039H     UNIT         ?CO?QUEEN
            CODE    0489H     0038H     UNIT         ?PR?_NRF24L01_RXPACKET?QUEEN
            CODE    04C1H     0035H     UNIT         ?PR?_NRF24L01_TXPACKET?QUEEN
            CODE    04F6H     0035H     UNIT         ?PR?_LCD1602_DELAY1MS?QUEEN
            CODE    052BH     0032H     UNIT         ?PR?_SPI_READ_BUF?QUEEN
            CODE    055DH     0024H     UNIT         ?PR?_SPI_RW?QUEEN
            CODE    0581H     0023H     UNIT         ?PR?_DELAY?QUEEN
            CODE    05A4H     001EH     UNIT         ?PR?LCDINIT?QUEEN
            CODE    05C2H     0011H     UNIT         ?PR?_SPI_RW_REG?QUEEN
            CODE    05D3H     0010H     UNIT         ?PR?SETRX_MODE?QUEEN
            CODE    05E3H     000DH     UNIT         ?PR?_SPI_READ?QUEEN
            CODE    05F0H     000CH     UNIT         ?PR?_LCDWRITECOM?QUEEN
            CODE    05FCH     000CH     UNIT         ?PR?_LCDWRITEDATA?QUEEN
            CODE    0608H     000BH     UNIT         ?PR?_INERDELAY_US?QUEEN



OVERLAY MAP OF MODULE:   test (QUEEN)
BL51 BANKED LINKER/LOCATER V6.22                                                      11/19/2014  11:01:59  PAGE 2




SEGMENT                                PDATA_GROUP
  +--> CALLED SEGMENT                START    LENGTH
----------------------------------------------------
?C_C51STARTUP                        -----    -----
  +--> ?PR?MAIN?QUEEN
  +--> ?C_INITSEG

?PR?MAIN?QUEEN                       003CH    0044H
  +--> ?CO?QUEEN
  +--> ?PR?INIT_NRF24L01?QUEEN
  +--> ?PR?_NRF24L01_TXPACKET?QUEEN
  +--> ?PR?_DELAY?QUEEN
  +--> ?PR?SETRX_MODE?QUEEN
  +--> ?PR?_NRF24L01_RXPACKET?QUEEN

?PR?INIT_NRF24L01?QUEEN              -----    -----
  +--> ?PR?_INERDELAY_US?QUEEN
  +--> ?PR?_SPI_WRITE_BUF?QUEEN
  +--> ?PR?_SPI_RW_REG?QUEEN

?PR?_SPI_WRITE_BUF?QUEEN             0083H    0005H
  +--> ?PR?_SPI_RW?QUEEN

?PR?_SPI_RW_REG?QUEEN                -----    -----
  +--> ?PR?_SPI_RW?QUEEN

?PR?_NRF24L01_TXPACKET?QUEEN         0080H    0003H
  +--> ?PR?_SPI_WRITE_BUF?QUEEN
  +--> ?PR?_SPI_RW_REG?QUEEN
  +--> ?PR?_INERDELAY_US?QUEEN

?PR?SETRX_MODE?QUEEN                 -----    -----
  +--> ?PR?_SPI_RW_REG?QUEEN
  +--> ?PR?_INERDELAY_US?QUEEN

?PR?_NRF24L01_RXPACKET?QUEEN         0080H    0003H
  +--> ?PR?_SPI_READ?QUEEN
  +--> ?PR?_SPI_READ_BUF?QUEEN
  +--> ?PR?_SPI_RW_REG?QUEEN

?PR?_SPI_READ?QUEEN                  -----    -----
  +--> ?PR?_SPI_RW?QUEEN

?PR?_SPI_READ_BUF?QUEEN              0083H    0005H
  +--> ?PR?_SPI_RW?QUEEN



SYMBOL TABLE OF MODULE:  test (QUEEN)

  VALUE           TYPE          NAME
  ----------------------------------

  -------         MODULE        QUEEN
  C:0000H         SYMBOL        _ICE_DUMMY_
BL51 BANKED LINKER/LOCATER V6.22                                                      11/19/2014  11:01:59  PAGE 3


  D:0080H         PUBLIC        P0
  D:0090H         PUBLIC        P1
  D:00A0H         PUBLIC        P2
  D:00B0H         PUBLIC        P3
  B:0090H.1       PUBLIC        CE
  D:00A8H         PUBLIC        IE
  C:03D0H         PUBLIC        init_NRF24L01
  X:0000H         PUBLIC        RX_ADDRESS
  X:0005H         PUBLIC        TX_ADDRESS
  D:00B8H         PUBLIC        IP
  B:00B0H.6       PUBLIC        KEY1
  B:00B0H.7       PUBLIC        KEY2
  C:05FCH         PUBLIC        _LcdWriteData
  B:0020H.6       PUBLIC        RX_DR
  B:0020H.5       PUBLIC        TX_DS
  C:0489H         PUBLIC        _nRF24L01_RxPacket
  B:00A0H.6       PUBLIC        LCD1602_RS
  C:04C1H         PUBLIC        _nRF24L01_TxPacket
  C:0003H         PUBLIC        main
  B:00A0H.5       PUBLIC        LCD1602_RW
  C:05A4H         PUBLIC        LcdInit
  D:0098H         PUBLIC        SCON
  D:0088H         PUBLIC        TCON
  B:0090H.4       PUBLIC        MOSI
  B:0090H.3       PUBLIC        MISO
  C:05D3H         PUBLIC        SetRX_Mode
  X:000AH         PUBLIC        seg
  C:0450H         SYMBOL        _?ix1000
  B:00A0H.7       PUBLIC        LCD1602_E
  C:0459H         SYMBOL        _?ix1001
  C:05F0H         PUBLIC        _LcdWriteCom
  C:0519H         PUBLIC        _Lcd1602_Delay1ms
  C:046AH         SYMBOL        _?ix1002
  C:0474H         SYMBOL        _?ix1003
  C:047EH         SYMBOL        _?ix1004
  D:0020H         PUBLIC        sta
  C:052BH         PUBLIC        _SPI_Read_Buf
  C:05E3H         PUBLIC        _SPI_Read
  C:041EH         PUBLIC        _SPI_Write_Buf
  B:0090H.2       PUBLIC        SCK
  B:00B0H.2       PUBLIC        CSN
  B:00A0H.3       PUBLIC        led0
  B:00A0H.2       PUBLIC        led1
  D:00C8H         PUBLIC        T2CON
  B:00A0H.1       PUBLIC        led2
  B:00A0H.0       PUBLIC        led3
  X:0014H         PUBLIC        RxBuf
  X:0028H         PUBLIC        TxBuf
  C:0608H         PUBLIC        _inerDelay_us
  B:0020H.4       PUBLIC        MAX_RT
  C:0581H         PUBLIC        _Delay
  C:05C2H         PUBLIC        _SPI_RW_Reg
  C:0567H         PUBLIC        _SPI_RW
  D:00D0H         PUBLIC        PSW
  -------         PROC          _DELAY
  D:0006H         SYMBOL        s
  -------         DO            
BL51 BANKED LINKER/LOCATER V6.22                                                      11/19/2014  11:01:59  PAGE 4


  D:0004H         SYMBOL        i
  -------         ENDDO         
  C:0581H         LINE#         126
  C:0581H         LINE#         127
  C:0581H         LINE#         129
  C:0592H         LINE#         130
  C:05A3H         LINE#         131
  -------         ENDPROC       _DELAY
  -------         PROC          _INERDELAY_US
  D:0007H         SYMBOL        n
  C:0608H         LINE#         140
  C:0608H         LINE#         141
  C:0608H         LINE#         142
  C:060EH         LINE#         143
  C:0612H         LINE#         144
  -------         ENDPROC       _INERDELAY_US
  -------         PROC          INIT_NRF24L01
  C:03D0H         LINE#         148
  C:03D0H         LINE#         149
  C:03D0H         LINE#         150
  C:03D5H         LINE#         151
  C:03D7H         LINE#         152
  C:03D9H         LINE#         153
  C:03DBH         LINE#         154
  C:03EBH         LINE#         155
  C:03F2H         LINE#         156
  C:03F9H         LINE#         157
  C:0400H         LINE#         158
  C:0407H         LINE#         159
  C:040EH         LINE#         160
  -------         ENDPROC       INIT_NRF24L01
  -------         PROC          L?0071
  -------         ENDPROC       L?0071
  -------         PROC          _SPI_RW
  D:0007H         SYMBOL        uchar
  -------         DO            
  D:0006H         SYMBOL        bit_ctr
  -------         ENDDO         
  C:0567H         LINE#         166
  C:0567H         LINE#         167
  C:0567H         LINE#         169
  C:0569H         LINE#         170
  C:0569H         LINE#         171
  C:056DH         LINE#         172
  C:0571H         LINE#         173
  C:0573H         LINE#         174
  C:0579H         LINE#         175
  C:057BH         LINE#         176
  C:0580H         LINE#         177
  C:0580H         LINE#         178
  -------         ENDPROC       _SPI_RW
  -------         PROC          _SPI_READ
  D:0007H         SYMBOL        reg
  -------         DO            
  D:0007H         SYMBOL        reg_val
  -------         ENDDO         
  C:05E3H         LINE#         183
BL51 BANKED LINKER/LOCATER V6.22                                                      11/19/2014  11:01:59  PAGE 5


  C:05E3H         LINE#         184
  C:05E3H         LINE#         187
  C:05E5H         LINE#         188
  C:05E8H         LINE#         189
  C:05EDH         LINE#         190
  C:05EFH         LINE#         192
  C:05EFH         LINE#         193
  -------         ENDPROC       _SPI_READ
  -------         PROC          _SPI_RW_REG
  D:0007H         SYMBOL        reg
  D:0005H         SYMBOL        value
  -------         DO            
  D:0004H         SYMBOL        status
  -------         ENDDO         
  C:05C2H         LINE#         197
  C:05C2H         LINE#         198
  C:05C2H         LINE#         201
  C:05C4H         LINE#         202
  C:05C9H         LINE#         203
  C:05CEH         LINE#         204
  C:05D0H         LINE#         206
  C:05D2H         LINE#         207
  -------         ENDPROC       _SPI_RW_REG
  -------         PROC          _SPI_READ_BUF
  D:0007H         SYMBOL        reg
  X:0084H         SYMBOL        pBuf
  X:0087H         SYMBOL        uchars
  -------         DO            
  D:0005H         SYMBOL        status
  D:0004H         SYMBOL        uchar_ctr
  -------         ENDDO         
  C:052BH         LINE#         212
  C:052DH         LINE#         213
  C:052DH         LINE#         216
  C:052DH         LINE#         217
  C:0532H         LINE#         219
  C:053DH         LINE#         220
  C:0558H         LINE#         222
  C:055AH         LINE#         224
  C:055CH         LINE#         225
  -------         ENDPROC       _SPI_READ_BUF
  -------         PROC          L?0072
  -------         ENDPROC       L?0072
  -------         PROC          _SPI_WRITE_BUF
  D:0007H         SYMBOL        reg
  X:0084H         SYMBOL        pBuf
  X:0087H         SYMBOL        uchars
  -------         DO            
  D:0005H         SYMBOL        status
  D:0004H         SYMBOL        uchar_ctr
  -------         ENDDO         
  C:041EH         LINE#         230
  C:0420H         LINE#         231
  C:0420H         LINE#         234
  C:0420H         LINE#         235
  C:0425H         LINE#         236
  C:0430H         LINE#         237
BL51 BANKED LINKER/LOCATER V6.22                                                      11/19/2014  11:01:59  PAGE 6


  C:044BH         LINE#         238
  C:044DH         LINE#         239
  C:044FH         LINE#         240
  -------         ENDPROC       _SPI_WRITE_BUF
  -------         PROC          SETRX_MODE
  C:05D3H         LINE#         245
  C:05D3H         LINE#         246
  C:05D3H         LINE#         247
  C:05D5H         LINE#         248
  C:05DCH         LINE#         249
  C:05DEH         LINE#         250
  -------         ENDPROC       SETRX_MODE
  -------         PROC          _NRF24L01_RXPACKET
  X:0080H         SYMBOL        rx_buf
  -------         DO            
  D:0003H         SYMBOL        revale
  -------         ENDDO         
  C:0489H         LINE#         256
  C:0493H         LINE#         257
  C:0493H         LINE#         258
  C:0495H         LINE#         259
  C:049CH         LINE#         260
  C:049FH         LINE#         261
  C:049FH         LINE#         262
  C:04A1H         LINE#         263
  C:04B5H         LINE#         264
  C:04B7H         LINE#         265
  C:04B7H         LINE#         266
  C:04BEH         LINE#         267
  C:04C0H         LINE#         268
  -------         ENDPROC       _NRF24L01_RXPACKET
  -------         PROC          _NRF24L01_TXPACKET
  X:0080H         SYMBOL        tx_buf
  C:04C1H         LINE#         273
  C:04CBH         LINE#         274
  C:04CBH         LINE#         275
  C:04CDH         LINE#         276
  C:04D4H         LINE#         277
  C:04E8H         LINE#         278
  C:04EFH         LINE#         279
  C:04F1H         LINE#         280
  -------         ENDPROC       _NRF24L01_TXPACKET
  -------         PROC          L?0070
  -------         ENDPROC       L?0070
  -------         PROC          _LCD1602_DELAY1MS
  D:0007H         SYMBOL        c
  -------         DO            
  D:0005H         SYMBOL        a
  D:0006H         SYMBOL        b
  -------         ENDDO         
  C:0519H         LINE#         293
  C:0519H         LINE#         294
  C:0519H         LINE#         296
  C:051FH         LINE#         297
  C:051FH         LINE#         298
  C:0521H         LINE#         299
  C:0521H         LINE#         300
BL51 BANKED LINKER/LOCATER V6.22                                                      11/19/2014  11:01:59  PAGE 7


  C:0525H         LINE#         301
  C:0527H         LINE#         302
  C:052AH         LINE#         304
  -------         ENDPROC       _LCD1602_DELAY1MS
  -------         PROC          _LCDWRITECOM
  D:0004H         SYMBOL        com
  C:05F0H         LINE#         327
  C:05F2H         LINE#         328
  C:05F2H         LINE#         329
  C:05F4H         LINE#         330
  C:05F6H         LINE#         331
  C:05F6H         LINE#         333
  C:05F6H         LINE#         334
  C:05F6H         LINE#         336
  C:05F6H         LINE#         337
  C:05F6H         LINE#         338
  C:05F6H         LINE#         341
  C:05F6H         LINE#         342
  C:05F6H         LINE#         344
  C:05F6H         LINE#         345
  C:05F9H         LINE#         346
  C:05FBH         LINE#         347
  -------         ENDPROC       _LCDWRITECOM
  -------         PROC          _LCDWRITEDATA
  D:0004H         SYMBOL        dat
  C:05FCH         LINE#         370
  C:05FEH         LINE#         371
  C:05FEH         LINE#         372
  C:0600H         LINE#         373
  C:0602H         LINE#         374
  C:0602H         LINE#         376
  C:0602H         LINE#         377
  C:0602H         LINE#         379
  C:0602H         LINE#         380
  C:0602H         LINE#         381
  C:0602H         LINE#         383
  C:0602H         LINE#         384
  C:0602H         LINE#         386
  C:0602H         LINE#         387
  C:0605H         LINE#         388
  C:0607H         LINE#         389
  -------         ENDPROC       _LCDWRITEDATA
  -------         PROC          LCDINIT
  C:05A4H         LINE#         407
  C:05A4H         LINE#         408
  C:05A4H         LINE#         409
  C:05A9H         LINE#         410
  C:05AEH         LINE#         411
  C:05B3H         LINE#         412
  C:05B8H         LINE#         413
  C:05BDH         LINE#         414
  -------         ENDPROC       LCDINIT
  -------         PROC          MAIN
  -------         DO            
  X:003CH         SYMBOL        Asking
  X:003EH         SYMBOL        Quizing
  X:0040H         SYMBOL        QzFn
BL51 BANKED LINKER/LOCATER V6.22                                                      11/19/2014  11:01:59  PAGE 8


  X:0042H         SYMBOL        i
  X:0044H         SYMBOL        tf
  X:0045H         SYMBOL        Ans
  X:0047H         SYMBOL        AskSt
  X:0050H         SYMBOL        AskStu
  X:0061H         SYMBOL        AskFnsh
  X:006BH         SYMBOL        QzSt
  X:0075H         SYMBOL        QzFnsh
  -------         ENDDO         
  C:0003H         LINE#         423
  C:0003H         LINE#         424
  C:0003H         LINE#         426
  C:0007H         LINE#         428
  C:0019H         LINE#         429
  C:002CH         LINE#         430
  C:003FH         LINE#         431
  C:0052H         LINE#         432
  C:0065H         LINE#         434
  C:0075H         LINE#         436
  C:0078H         LINE#         437
  C:0080H         LINE#         438
  C:0083H         LINE#         439
  C:0083H         LINE#         440
  C:0083H         LINE#         441
  C:008FH         LINE#         442
  C:0095H         LINE#         443
  C:0098H         LINE#         444
  C:009DH         LINE#         445
  C:00A1H         LINE#         446
  C:00A1H         LINE#         447
  C:00B6H         LINE#         448
  C:00BCH         LINE#         449
  C:00D3H         LINE#         450
  C:00E6H         LINE#         451
  C:00EBH         LINE#         452
  C:00F0H         LINE#         453
  C:00F5H         LINE#         454
  C:00F5H         LINE#         463
  C:00FBH         LINE#         464
  C:0104H         LINE#         465
  C:0108H         LINE#         466
  C:010BH         LINE#         467
  C:0112H         LINE#         468
  C:0112H         LINE#         469
  C:0115H         LINE#         470
  C:011EH         LINE#         471
  C:0127H         LINE#         472
  C:0132H         LINE#         473
  C:0139H         LINE#         474
  C:0140H         LINE#         475
  C:0140H         LINE#         476
  C:0149H         LINE#         477
  C:0150H         LINE#         478
  C:015FH         LINE#         479
  C:0166H         LINE#         480
  C:0166H         LINE#         481
  C:0175H         LINE#         482
BL51 BANKED LINKER/LOCATER V6.22                                                      11/19/2014  11:01:59  PAGE 9


  C:017CH         LINE#         483
  C:017CH         LINE#         490
  C:0193H         LINE#         491
  C:019AH         LINE#         492
  C:019FH         LINE#         493
  C:01ACH         LINE#         494
  C:01B5H         LINE#         495
  C:01BBH         LINE#         496
  C:01BEH         LINE#         497
  C:01BEH         LINE#         498
  C:01BEH         LINE#         499
  C:01C5H         LINE#         500
  C:01C5H         LINE#         504
  C:01C9H         LINE#         505
  -------         ENDPROC       MAIN
  -------         ENDMOD        QUEEN

  -------         MODULE        ?C?COPY
  C:029CH         PUBLIC        ?C?COPY
  -------         ENDMOD        ?C?COPY

  -------         MODULE        ?C?CLDPTR
  C:02C2H         PUBLIC        ?C?CLDPTR
  -------         ENDMOD        ?C?CLDPTR

  -------         MODULE        ?C?CSTOPTR
  C:02DBH         PUBLIC        ?C?CSTOPTR
  -------         ENDMOD        ?C?CSTOPTR

*** WARNING L16: UNCALLED SEGMENT, IGNORED FOR OVERLAY PROCESS
    SEGMENT: ?PR?_LCDWRITEDATA?QUEEN

*** WARNING L16: UNCALLED SEGMENT, IGNORED FOR OVERLAY PROCESS
    SEGMENT: ?PR?LCDINIT?QUEEN

Program Size: data=10.0 xdata=136 code=1555
LINK/LOCATE RUN COMPLETE.  2 WARNING(S),  0 ERROR(S)
