BL51 BANKED LINKER/LOCATER V6.22                                                        11/18/2014  23:22:46  PAGE 1


BL51 BANKED LINKER/LOCATER V6.22, INVOKED BY:
C:\KEIL\C51\BIN\BL51.EXE WorkerB.obj TO test RAMSIZE (256)


MEMORY MODEL: SMALL


INPUT MODULES INCLUDED:
  WorkerB.obj (WORKERB)
  C:\KEIL\C51\LIB\C51S.LIB (?C_STARTUP)
  C:\KEIL\C51\LIB\C51S.LIB (?C?CLDPTR)
  C:\KEIL\C51\LIB\C51S.LIB (?C?CSTOPTR)
  C:\KEIL\C51\LIB\C51S.LIB (?C_INIT)


LINK MAP OF MODULE:  test (WORKERB)


            TYPE    BASE      LENGTH    RELOCATION   SEGMENT NAME
            -----------------------------------------------------

            * * * * * * *   D A T A   M E M O R Y   * * * * * * *
            REG     0000H     0008H     ABSOLUTE     "REG BANK 0"
            DATA    0008H     000DH     UNIT         _DATA_GROUP_
                    0015H     000BH                  *** GAP ***
            DATA    0020H     0001H     BIT_ADDR     ?BA?WORKERB
            DATA    0021H     003CH     UNIT         ?DT?WORKERB
            IDATA   005DH     0001H     UNIT         ?STACK

            * * * * * * *   C O D E   M E M O R Y   * * * * * * *
            CODE    0000H     0003H     ABSOLUTE     
            CODE    0003H     00A0H     UNIT         ?PR?MAIN?WORKERB
            CODE    00A3H     008CH     UNIT         ?C_C51STARTUP
            CODE    012FH     0047H     UNIT         ?C_INITSEG
            CODE    0176H     0043H     UNIT         ?PR?INIT_NRF24L01?WORKERB
            CODE    01B9H     003BH     UNIT         ?C?LIB_CODE
            CODE    01F4H     0039H     UNIT         ?PR?_SPI_WRITE_BUF?WORKERB
            CODE    022DH     0031H     UNIT         ?PR?_SPI_READ_BUF?WORKERB
            CODE    025EH     002EH     UNIT         ?PR?_NRF24L01_RXPACKET?WORKERB
            CODE    028CH     002BH     UNIT         ?PR?_NRF24L01_TXPACKET?WORKERB
            CODE    02B7H     0023H     UNIT         ?PR?_DELAY?WORKERB
            CODE    02DAH     0019H     UNIT         ?PR?_SPI_RW?WORKERB
            CODE    02F3H     0011H     UNIT         ?PR?_SPI_RW_REG?WORKERB
            CODE    0304H     0010H     UNIT         ?PR?SETRX_MODE?WORKERB
            CODE    0314H     000DH     UNIT         ?PR?_SPI_READ?WORKERB
            CODE    0321H     000BH     UNIT         ?PR?_INERDELAY_US?WORKERB



OVERLAY MAP OF MODULE:   test (WORKERB)


SEGMENT                                  DATA_GROUP 
  +--> CALLED SEGMENT                  START    LENGTH
------------------------------------------------------
?C_C51STARTUP                          -----    -----
  +--> ?PR?MAIN?WORKERB
  +--> ?C_INITSEG
BL51 BANKED LINKER/LOCATER V6.22                                                      11/18/2014  23:22:46  PAGE 2



?PR?MAIN?WORKERB                       0008H    0005H
  +--> ?PR?INIT_NRF24L01?WORKERB
  +--> ?PR?_NRF24L01_TXPACKET?WORKERB
  +--> ?PR?_DELAY?WORKERB
  +--> ?PR?SETRX_MODE?WORKERB
  +--> ?PR?_NRF24L01_RXPACKET?WORKERB

?PR?INIT_NRF24L01?WORKERB              -----    -----
  +--> ?PR?_INERDELAY_US?WORKERB
  +--> ?PR?_SPI_WRITE_BUF?WORKERB
  +--> ?PR?_SPI_RW_REG?WORKERB

?PR?_SPI_WRITE_BUF?WORKERB             0010H    0005H
  +--> ?PR?_SPI_RW?WORKERB

?PR?_SPI_RW_REG?WORKERB                -----    -----
  +--> ?PR?_SPI_RW?WORKERB

?PR?_NRF24L01_TXPACKET?WORKERB         000DH    0003H
  +--> ?PR?_SPI_WRITE_BUF?WORKERB
  +--> ?PR?_SPI_RW_REG?WORKERB
  +--> ?PR?_INERDELAY_US?WORKERB

?PR?SETRX_MODE?WORKERB                 -----    -----
  +--> ?PR?_SPI_RW_REG?WORKERB
  +--> ?PR?_INERDELAY_US?WORKERB

?PR?_NRF24L01_RXPACKET?WORKERB         000DH    0003H
  +--> ?PR?_SPI_READ?WORKERB
  +--> ?PR?_SPI_READ_BUF?WORKERB
  +--> ?PR?_SPI_RW_REG?WORKERB

?PR?_SPI_READ?WORKERB                  -----    -----
  +--> ?PR?_SPI_RW?WORKERB

?PR?_SPI_READ_BUF?WORKERB              0010H    0005H
  +--> ?PR?_SPI_RW?WORKERB



SYMBOL TABLE OF MODULE:  test (WORKERB)

  VALUE           TYPE          NAME
  ----------------------------------

  -------         MODULE        WORKERB
  C:0000H         SYMBOL        _ICE_DUMMY_
  D:0080H         PUBLIC        P0
  D:0090H         PUBLIC        P1
  D:00A0H         PUBLIC        P2
  D:00B0H         PUBLIC        P3
  B:0090H.1       PUBLIC        CE
  D:00A8H         PUBLIC        IE
  C:0176H         PUBLIC        init_NRF24L01
  D:0021H         PUBLIC        RX_ADDRESS
  D:0026H         PUBLIC        TX_ADDRESS
BL51 BANKED LINKER/LOCATER V6.22                                                      11/18/2014  23:22:46  PAGE 3


  D:00B8H         PUBLIC        IP
  B:00B0H.6       PUBLIC        KEY1
  B:00B0H.7       PUBLIC        KEY2
  B:00B0H.5       PUBLIC        KEY3
  B:0020H.6       PUBLIC        RX_DR
  B:0020H.5       PUBLIC        TX_DS
  C:025EH         PUBLIC        _nRF24L01_RxPacket
  C:028CH         PUBLIC        _nRF24L01_TxPacket
  C:0003H         PUBLIC        main
  D:0098H         PUBLIC        SCON
  D:0088H         PUBLIC        TCON
  B:0090H.4       PUBLIC        MOSI
  B:0090H.3       PUBLIC        MISO
  C:0304H         PUBLIC        SetRX_Mode
  D:002BH         PUBLIC        seg
  D:0020H         PUBLIC        sta
  C:022DH         PUBLIC        _SPI_Read_Buf
  C:0314H         PUBLIC        _SPI_Read
  C:01FBH         PUBLIC        _SPI_Write_Buf
  B:0090H.2       PUBLIC        SCK
  B:00B0H.2       PUBLIC        CSN
  B:00A0H.3       PUBLIC        led0
  B:00A0H.2       PUBLIC        led1
  D:00C8H         PUBLIC        T2CON
  B:00A0H.1       PUBLIC        led2
  B:00A0H.0       PUBLIC        led3
  D:0035H         PUBLIC        RxBuf
  D:0049H         PUBLIC        TxBuf
  C:0321H         PUBLIC        _inerDelay_us
  B:0020H.4       PUBLIC        MAX_RT
  C:02B7H         PUBLIC        _Delay
  C:02F3H         PUBLIC        _SPI_RW_Reg
  C:02DAH         PUBLIC        _SPI_RW
  D:00D0H         PUBLIC        PSW
  -------         PROC          _DELAY
  D:0006H         SYMBOL        s
  -------         DO            
  D:0004H         SYMBOL        i
  -------         ENDDO         
  C:02B7H         LINE#         86
  C:02B7H         LINE#         87
  C:02B7H         LINE#         89
  C:02C8H         LINE#         90
  C:02D9H         LINE#         91
  -------         ENDPROC       _DELAY
  -------         PROC          _INERDELAY_US
  D:0007H         SYMBOL        n
  C:0321H         LINE#         100
  C:0321H         LINE#         101
  C:0321H         LINE#         102
  C:0327H         LINE#         103
  C:032BH         LINE#         104
  -------         ENDPROC       _INERDELAY_US
  -------         PROC          INIT_NRF24L01
  C:0176H         LINE#         108
  C:0176H         LINE#         109
  C:0176H         LINE#         110
BL51 BANKED LINKER/LOCATER V6.22                                                      11/18/2014  23:22:46  PAGE 4


  C:017BH         LINE#         111
  C:017DH         LINE#         112
  C:017FH         LINE#         113
  C:0181H         LINE#         114
  C:018FH         LINE#         115
  C:0196H         LINE#         116
  C:019DH         LINE#         117
  C:01A4H         LINE#         118
  C:01ABH         LINE#         119
  C:01B2H         LINE#         120
  -------         ENDPROC       INIT_NRF24L01
  -------         PROC          _SPI_RW
  D:0007H         SYMBOL        uchar
  -------         DO            
  D:0006H         SYMBOL        bit_ctr
  -------         ENDDO         
  C:02DAH         LINE#         126
  C:02DAH         LINE#         127
  C:02DAH         LINE#         129
  C:02DCH         LINE#         130
  C:02DCH         LINE#         131
  C:02E0H         LINE#         132
  C:02E4H         LINE#         133
  C:02E6H         LINE#         134
  C:02ECH         LINE#         135
  C:02EEH         LINE#         136
  C:02F2H         LINE#         137
  C:02F2H         LINE#         138
  -------         ENDPROC       _SPI_RW
  -------         PROC          _SPI_READ
  D:0007H         SYMBOL        reg
  -------         DO            
  D:0007H         SYMBOL        reg_val
  -------         ENDDO         
  C:0314H         LINE#         143
  C:0314H         LINE#         144
  C:0314H         LINE#         147
  C:0316H         LINE#         148
  C:0319H         LINE#         149
  C:031EH         LINE#         150
  C:0320H         LINE#         152
  C:0320H         LINE#         153
  -------         ENDPROC       _SPI_READ
  -------         PROC          _SPI_RW_REG
  D:0007H         SYMBOL        reg
  D:0005H         SYMBOL        value
  -------         DO            
  D:0004H         SYMBOL        status
  -------         ENDDO         
  C:02F3H         LINE#         157
  C:02F3H         LINE#         158
  C:02F3H         LINE#         161
  C:02F5H         LINE#         162
  C:02FAH         LINE#         163
  C:02FFH         LINE#         164
  C:0301H         LINE#         166
  C:0303H         LINE#         167
BL51 BANKED LINKER/LOCATER V6.22                                                      11/18/2014  23:22:46  PAGE 5


  -------         ENDPROC       _SPI_RW_REG
  -------         PROC          _SPI_READ_BUF
  D:0007H         SYMBOL        reg
  D:0011H         SYMBOL        pBuf
  D:0014H         SYMBOL        uchars
  -------         DO            
  D:0005H         SYMBOL        status
  D:0004H         SYMBOL        uchar_ctr
  -------         ENDDO         
  C:022DH         LINE#         172
  C:0233H         LINE#         173
  C:0233H         LINE#         176
  C:0235H         LINE#         177
  C:023AH         LINE#         179
  C:0242H         LINE#         180
  C:0259H         LINE#         182
  C:025BH         LINE#         184
  C:025DH         LINE#         185
  -------         ENDPROC       _SPI_READ_BUF
  -------         PROC          L?0046
  -------         ENDPROC       L?0046
  -------         PROC          _SPI_WRITE_BUF
  D:0007H         SYMBOL        reg
  D:0011H         SYMBOL        pBuf
  D:0014H         SYMBOL        uchars
  -------         DO            
  D:0005H         SYMBOL        status
  D:0004H         SYMBOL        uchar_ctr
  -------         ENDDO         
  C:01FBH         LINE#         190
  C:0201H         LINE#         191
  C:0201H         LINE#         194
  C:0203H         LINE#         195
  C:0208H         LINE#         196
  C:0210H         LINE#         197
  C:0228H         LINE#         198
  C:022AH         LINE#         199
  C:022CH         LINE#         200
  -------         ENDPROC       _SPI_WRITE_BUF
  -------         PROC          SETRX_MODE
  C:0304H         LINE#         205
  C:0304H         LINE#         206
  C:0304H         LINE#         207
  C:0306H         LINE#         208
  C:030DH         LINE#         209
  C:030FH         LINE#         210
  -------         ENDPROC       SETRX_MODE
  -------         PROC          _NRF24L01_RXPACKET
  D:000DH         SYMBOL        rx_buf
  -------         DO            
  D:0003H         SYMBOL        revale
  -------         ENDDO         
  C:025EH         LINE#         216
  C:0264H         LINE#         217
  C:0264H         LINE#         218
  C:0266H         LINE#         219
  C:026DH         LINE#         220
BL51 BANKED LINKER/LOCATER V6.22                                                      11/18/2014  23:22:46  PAGE 6


  C:0270H         LINE#         221
  C:0270H         LINE#         222
  C:0272H         LINE#         223
  C:0280H         LINE#         224
  C:0282H         LINE#         225
  C:0282H         LINE#         226
  C:0289H         LINE#         227
  C:028BH         LINE#         228
  -------         ENDPROC       _NRF24L01_RXPACKET
  -------         PROC          _NRF24L01_TXPACKET
  D:000DH         SYMBOL        tx_buf
  C:028CH         LINE#         233
  C:0292H         LINE#         234
  C:0292H         LINE#         235
  C:0294H         LINE#         236
  C:029BH         LINE#         237
  C:02A9H         LINE#         238
  C:02B0H         LINE#         239
  C:02B2H         LINE#         240
  -------         ENDPROC       _NRF24L01_TXPACKET
  -------         PROC          MAIN
  -------         DO            
  D:0008H         SYMBOL        Asking
  D:000AH         SYMBOL        Quizing
  D:000CH         SYMBOL        tf
  -------         ENDDO         
  C:0003H         LINE#         243
  C:0003H         LINE#         244
  C:0003H         LINE#         246
  C:0006H         LINE#         247
  C:000EH         LINE#         248
  C:0011H         LINE#         249
  C:0019H         LINE#         250
  C:001CH         LINE#         251
  C:001CH         LINE#         252
  C:001FH         LINE#         253
  C:0022H         LINE#         254
  C:0028H         LINE#         255
  C:002BH         LINE#         256
  C:002EH         LINE#         257
  C:002EH         LINE#         258
  C:0034H         LINE#         259
  C:0037H         LINE#         260
  C:003AH         LINE#         261
  C:003DH         LINE#         263
  C:003DH         LINE#         264
  C:0040H         LINE#         265
  C:0043H         LINE#         266
  C:0046H         LINE#         268
  C:0046H         LINE#         269
  C:0046H         LINE#         270
  C:004BH         LINE#         271
  C:0054H         LINE#         272
  C:0057H         LINE#         273
  C:0059H         LINE#         274
  C:0060H         LINE#         275
  C:0060H         LINE#         276
BL51 BANKED LINKER/LOCATER V6.22                                                      11/18/2014  23:22:46  PAGE 7


  C:0063H         LINE#         277
  C:006CH         LINE#         278
  C:0070H         LINE#         279
  C:0073H         LINE#         280
  C:0078H         LINE#         281
  C:007BH         LINE#         282
  C:007BH         LINE#         283
  C:0080H         LINE#         284
  C:0086H         LINE#         285
  C:0089H         LINE#         286
  C:0089H         LINE#         287
  C:008EH         LINE#         288
  C:0093H         LINE#         289
  C:0096H         LINE#         290
  C:0096H         LINE#         291
  C:009DH         LINE#         292
  C:009DH         LINE#         293
  C:00A0H         LINE#         294
  -------         ENDPROC       MAIN
  -------         ENDMOD        WORKERB

  -------         MODULE        ?C?CLDPTR
  C:01B9H         PUBLIC        ?C?CLDPTR
  -------         ENDMOD        ?C?CLDPTR

  -------         MODULE        ?C?CSTOPTR
  C:01D2H         PUBLIC        ?C?CSTOPTR
  -------         ENDMOD        ?C?CSTOPTR

Program Size: data=83.0 xdata=0 code=812
LINK/LOCATE RUN COMPLETE.  0 WARNING(S),  0 ERROR(S)
