BL51 BANKED LINKER/LOCATER V6.22                                                        11/16/2014  20:29:20  PAGE 1


BL51 BANKED LINKER/LOCATER V6.22, INVOKED BY:
C:\KEIL\C51\BIN\BL51.EXE Queen.obj TO test RAMSIZE (256)


MEMORY MODEL: SMALL


INPUT MODULES INCLUDED:
  Queen.obj (QUEEN)
  C:\KEIL\C51\LIB\C51S.LIB (?C_STARTUP)
  C:\KEIL\C51\LIB\C51S.LIB (?C?CLDPTR)
  C:\KEIL\C51\LIB\C51S.LIB (?C?CSTOPTR)
  C:\KEIL\C51\LIB\C51S.LIB (?C_INIT)


LINK MAP OF MODULE:  test (QUEEN)


            TYPE    BASE      LENGTH    RELOCATION   SEGMENT NAME
            -----------------------------------------------------

            * * * * * * *   D A T A   M E M O R Y   * * * * * * *
            REG     0000H     0008H     ABSOLUTE     "REG BANK 0"
            DATA    0008H     0013H     UNIT         _DATA_GROUP_
                    001BH     0005H                  *** GAP ***
            DATA    0020H     0001H     BIT_ADDR     ?BA?QUEEN
            DATA    0021H     003CH     UNIT         ?DT?QUEEN
            IDATA   005DH     0001H     UNIT         ?STACK

            * * * * * * *   C O D E   M E M O R Y   * * * * * * *
            CODE    0000H     0003H     ABSOLUTE     
            CODE    0003H     010BH     UNIT         ?PR?MAIN?QUEEN
            CODE    010EH     008CH     UNIT         ?C_C51STARTUP
            CODE    019AH     0047H     UNIT         ?C_INITSEG
            CODE    01E1H     0043H     UNIT         ?PR?INIT_NRF24L01?QUEEN
            CODE    0224H     003BH     UNIT         ?C?LIB_CODE
            CODE    025FH     0039H     UNIT         ?PR?_SPI_WRITE_BUF?QUEEN
            CODE    0298H     0031H     UNIT         ?PR?_SPI_READ_BUF?QUEEN
            CODE    02C9H     002EH     UNIT         ?PR?_NRF24L01_RXPACKET?QUEEN
            CODE    02F7H     002BH     UNIT         ?PR?_NRF24L01_TXPACKET?QUEEN
            CODE    0322H     0023H     UNIT         ?PR?_DELAY?QUEEN
            CODE    0345H     0019H     UNIT         ?PR?_SPI_RW?QUEEN
            CODE    035EH     0011H     UNIT         ?PR?_SPI_RW_REG?QUEEN
            CODE    036FH     0010H     UNIT         ?PR?SETRX_MODE?QUEEN
            CODE    037FH     000DH     UNIT         ?PR?_SPI_READ?QUEEN
            CODE    038CH     000BH     UNIT         ?PR?_INERDELAY_US?QUEEN



OVERLAY MAP OF MODULE:   test (QUEEN)


SEGMENT                                DATA_GROUP 
  +--> CALLED SEGMENT                START    LENGTH
----------------------------------------------------
?C_C51STARTUP                        -----    -----
  +--> ?PR?MAIN?QUEEN
  +--> ?C_INITSEG
BL51 BANKED LINKER/LOCATER V6.22                                                      11/16/2014  20:29:20  PAGE 2



?PR?MAIN?QUEEN                       0008H    000BH
  +--> ?PR?INIT_NRF24L01?QUEEN
  +--> ?PR?_NRF24L01_TXPACKET?QUEEN
  +--> ?PR?_DELAY?QUEEN
  +--> ?PR?SETRX_MODE?QUEEN
  +--> ?PR?_NRF24L01_RXPACKET?QUEEN

?PR?INIT_NRF24L01?QUEEN              -----    -----
  +--> ?PR?_INERDELAY_US?QUEEN
  +--> ?PR?_SPI_WRITE_BUF?QUEEN
  +--> ?PR?_SPI_RW_REG?QUEEN

?PR?_SPI_WRITE_BUF?QUEEN             0016H    0005H
  +--> ?PR?_SPI_RW?QUEEN

?PR?_SPI_RW_REG?QUEEN                -----    -----
  +--> ?PR?_SPI_RW?QUEEN

?PR?_NRF24L01_TXPACKET?QUEEN         0013H    0003H
  +--> ?PR?_SPI_WRITE_BUF?QUEEN
  +--> ?PR?_SPI_RW_REG?QUEEN
  +--> ?PR?_INERDELAY_US?QUEEN

?PR?SETRX_MODE?QUEEN                 -----    -----
  +--> ?PR?_SPI_RW_REG?QUEEN
  +--> ?PR?_INERDELAY_US?QUEEN

?PR?_NRF24L01_RXPACKET?QUEEN         0013H    0003H
  +--> ?PR?_SPI_READ?QUEEN
  +--> ?PR?_SPI_READ_BUF?QUEEN
  +--> ?PR?_SPI_RW_REG?QUEEN

?PR?_SPI_READ?QUEEN                  -----    -----
  +--> ?PR?_SPI_RW?QUEEN

?PR?_SPI_READ_BUF?QUEEN              0016H    0005H
  +--> ?PR?_SPI_RW?QUEEN



SYMBOL TABLE OF MODULE:  test (QUEEN)

  VALUE           TYPE          NAME
  ----------------------------------

  -------         MODULE        QUEEN
  C:0000H         SYMBOL        _ICE_DUMMY_
  D:0080H         PUBLIC        P0
  D:0090H         PUBLIC        P1
  D:00A0H         PUBLIC        P2
  D:00B0H         PUBLIC        P3
  B:0090H.1       PUBLIC        CE
  D:00A8H         PUBLIC        IE
  C:01E1H         PUBLIC        init_NRF24L01
  D:0021H         PUBLIC        RX_ADDRESS
  D:0026H         PUBLIC        TX_ADDRESS
BL51 BANKED LINKER/LOCATER V6.22                                                      11/16/2014  20:29:20  PAGE 3


  D:00B8H         PUBLIC        IP
  B:00B0H.6       PUBLIC        KEY1
  B:00B0H.7       PUBLIC        KEY2
  B:0020H.6       PUBLIC        RX_DR
  B:0020H.5       PUBLIC        TX_DS
  C:02C9H         PUBLIC        _nRF24L01_RxPacket
  C:02F7H         PUBLIC        _nRF24L01_TxPacket
  C:0003H         PUBLIC        main
  D:0098H         PUBLIC        SCON
  D:0088H         PUBLIC        TCON
  B:0090H.4       PUBLIC        MOSI
  B:0090H.3       PUBLIC        MISO
  C:036FH         PUBLIC        SetRX_Mode
  D:002BH         PUBLIC        seg
  D:0020H         PUBLIC        sta
  C:0298H         PUBLIC        _SPI_Read_Buf
  C:037FH         PUBLIC        _SPI_Read
  C:0266H         PUBLIC        _SPI_Write_Buf
  B:0090H.2       PUBLIC        SCK
  B:00B0H.2       PUBLIC        CSN
  B:00A0H.3       PUBLIC        led0
  B:00A0H.2       PUBLIC        led1
  D:00C8H         PUBLIC        T2CON
  B:00A0H.1       PUBLIC        led2
  B:00A0H.0       PUBLIC        led3
  D:0035H         PUBLIC        RxBuf
  D:0049H         PUBLIC        TxBuf
  C:038CH         PUBLIC        _inerDelay_us
  B:0020H.4       PUBLIC        MAX_RT
  C:0322H         PUBLIC        _Delay
  C:035EH         PUBLIC        _SPI_RW_Reg
  C:0345H         PUBLIC        _SPI_RW
  D:00D0H         PUBLIC        PSW
  -------         PROC          _DELAY
  D:0006H         SYMBOL        s
  -------         DO            
  D:0004H         SYMBOL        i
  -------         ENDDO         
  C:0322H         LINE#         83
  C:0322H         LINE#         84
  C:0322H         LINE#         86
  C:0333H         LINE#         87
  C:0344H         LINE#         88
  -------         ENDPROC       _DELAY
  -------         PROC          _INERDELAY_US
  D:0007H         SYMBOL        n
  C:038CH         LINE#         97
  C:038CH         LINE#         98
  C:038CH         LINE#         99
  C:0392H         LINE#         100
  C:0396H         LINE#         101
  -------         ENDPROC       _INERDELAY_US
  -------         PROC          INIT_NRF24L01
  C:01E1H         LINE#         105
  C:01E1H         LINE#         106
  C:01E1H         LINE#         107
  C:01E6H         LINE#         108
BL51 BANKED LINKER/LOCATER V6.22                                                      11/16/2014  20:29:20  PAGE 4


  C:01E8H         LINE#         109
  C:01EAH         LINE#         110
  C:01ECH         LINE#         111
  C:01FAH         LINE#         112
  C:0201H         LINE#         113
  C:0208H         LINE#         114
  C:020FH         LINE#         115
  C:0216H         LINE#         116
  C:021DH         LINE#         117
  -------         ENDPROC       INIT_NRF24L01
  -------         PROC          _SPI_RW
  D:0007H         SYMBOL        uchar
  -------         DO            
  D:0006H         SYMBOL        bit_ctr
  -------         ENDDO         
  C:0345H         LINE#         123
  C:0345H         LINE#         124
  C:0345H         LINE#         126
  C:0347H         LINE#         127
  C:0347H         LINE#         128
  C:034BH         LINE#         129
  C:034FH         LINE#         130
  C:0351H         LINE#         131
  C:0357H         LINE#         132
  C:0359H         LINE#         133
  C:035DH         LINE#         134
  C:035DH         LINE#         135
  -------         ENDPROC       _SPI_RW
  -------         PROC          _SPI_READ
  D:0007H         SYMBOL        reg
  -------         DO            
  D:0007H         SYMBOL        reg_val
  -------         ENDDO         
  C:037FH         LINE#         140
  C:037FH         LINE#         141
  C:037FH         LINE#         144
  C:0381H         LINE#         145
  C:0384H         LINE#         146
  C:0389H         LINE#         147
  C:038BH         LINE#         149
  C:038BH         LINE#         150
  -------         ENDPROC       _SPI_READ
  -------         PROC          _SPI_RW_REG
  D:0007H         SYMBOL        reg
  D:0005H         SYMBOL        value
  -------         DO            
  D:0004H         SYMBOL        status
  -------         ENDDO         
  C:035EH         LINE#         154
  C:035EH         LINE#         155
  C:035EH         LINE#         158
  C:0360H         LINE#         159
  C:0365H         LINE#         160
  C:036AH         LINE#         161
  C:036CH         LINE#         163
  C:036EH         LINE#         164
  -------         ENDPROC       _SPI_RW_REG
BL51 BANKED LINKER/LOCATER V6.22                                                      11/16/2014  20:29:20  PAGE 5


  -------         PROC          _SPI_READ_BUF
  D:0007H         SYMBOL        reg
  D:0017H         SYMBOL        pBuf
  D:001AH         SYMBOL        uchars
  -------         DO            
  D:0005H         SYMBOL        status
  D:0004H         SYMBOL        uchar_ctr
  -------         ENDDO         
  C:0298H         LINE#         169
  C:029EH         LINE#         170
  C:029EH         LINE#         173
  C:02A0H         LINE#         174
  C:02A5H         LINE#         176
  C:02ADH         LINE#         177
  C:02C4H         LINE#         179
  C:02C6H         LINE#         181
  C:02C8H         LINE#         182
  -------         ENDPROC       _SPI_READ_BUF
  -------         PROC          L?0054
  -------         ENDPROC       L?0054
  -------         PROC          _SPI_WRITE_BUF
  D:0007H         SYMBOL        reg
  D:0017H         SYMBOL        pBuf
  D:001AH         SYMBOL        uchars
  -------         DO            
  D:0005H         SYMBOL        status
  D:0004H         SYMBOL        uchar_ctr
  -------         ENDDO         
  C:0266H         LINE#         187
  C:026CH         LINE#         188
  C:026CH         LINE#         191
  C:026EH         LINE#         192
  C:0273H         LINE#         193
  C:027BH         LINE#         194
  C:0293H         LINE#         195
  C:0295H         LINE#         196
  C:0297H         LINE#         197
  -------         ENDPROC       _SPI_WRITE_BUF
  -------         PROC          SETRX_MODE
  C:036FH         LINE#         202
  C:036FH         LINE#         203
  C:036FH         LINE#         204
  C:0371H         LINE#         205
  C:0378H         LINE#         206
  C:037AH         LINE#         207
  -------         ENDPROC       SETRX_MODE
  -------         PROC          _NRF24L01_RXPACKET
  D:0013H         SYMBOL        rx_buf
  -------         DO            
  D:0003H         SYMBOL        revale
  -------         ENDDO         
  C:02C9H         LINE#         213
  C:02CFH         LINE#         214
  C:02CFH         LINE#         215
  C:02D1H         LINE#         216
  C:02D8H         LINE#         217
  C:02DBH         LINE#         218
BL51 BANKED LINKER/LOCATER V6.22                                                      11/16/2014  20:29:20  PAGE 6


  C:02DBH         LINE#         219
  C:02DDH         LINE#         220
  C:02EBH         LINE#         221
  C:02EDH         LINE#         222
  C:02EDH         LINE#         223
  C:02F4H         LINE#         224
  C:02F6H         LINE#         225
  -------         ENDPROC       _NRF24L01_RXPACKET
  -------         PROC          _NRF24L01_TXPACKET
  D:0013H         SYMBOL        tx_buf
  C:02F7H         LINE#         230
  C:02FDH         LINE#         231
  C:02FDH         LINE#         232
  C:02FFH         LINE#         233
  C:0306H         LINE#         234
  C:0314H         LINE#         235
  C:031BH         LINE#         236
  C:031DH         LINE#         237
  -------         ENDPROC       _NRF24L01_TXPACKET
  -------         PROC          MAIN
  -------         DO            
  D:0008H         SYMBOL        Asking
  D:000AH         SYMBOL        Quizing
  D:000CH         SYMBOL        QzFn
  D:000EH         SYMBOL        i
  D:0010H         SYMBOL        tf
  D:0011H         SYMBOL        Ans
  -------         ENDDO         
  C:0003H         LINE#         275
  C:0003H         LINE#         276
  C:0003H         LINE#         278
  C:0006H         LINE#         280
  C:0012H         LINE#         281
  C:0015H         LINE#         282
  C:001DH         LINE#         283
  C:0020H         LINE#         284
  C:0023H         LINE#         285
  C:0026H         LINE#         286
  C:002EH         LINE#         287
  C:0035H         LINE#         288
  C:0038H         LINE#         289
  C:0038H         LINE#         290
  C:0038H         LINE#         291
  C:0041H         LINE#         292
  C:0046H         LINE#         293
  C:0049H         LINE#         297
  C:0049H         LINE#         298
  C:0052H         LINE#         299
  C:0057H         LINE#         300
  C:005BH         LINE#         301
  C:0070H         LINE#         302
  C:0073H         LINE#         303
  C:0076H         LINE#         304
  C:0079H         LINE#         305
  C:007CH         LINE#         306
  C:007CH         LINE#         313
  C:0081H         LINE#         314
BL51 BANKED LINKER/LOCATER V6.22                                                      11/16/2014  20:29:20  PAGE 7


  C:008AH         LINE#         315
  C:008DH         LINE#         316
  C:008FH         LINE#         317
  C:0091H         LINE#         318
  C:0093H         LINE#         319
  C:009AH         LINE#         320
  C:009AH         LINE#         321
  C:009DH         LINE#         322
  C:00A6H         LINE#         323
  C:00AAH         LINE#         324
  C:00ADH         LINE#         325
  C:00B3H         LINE#         326
  C:00BBH         LINE#         327
  C:00BDH         LINE#         328
  C:00C3H         LINE#         329
  C:00C9H         LINE#         330
  C:00D0H         LINE#         331
  C:00D5H         LINE#         332
  C:00DDH         LINE#         333
  C:00E1H         LINE#         334
  C:00EFH         LINE#         335
  C:00F5H         LINE#         336
  C:00FAH         LINE#         337
  C:00FDH         LINE#         338
  C:00FDH         LINE#         339
  C:00FDH         LINE#         340
  C:0104H         LINE#         341
  C:0104H         LINE#         342
  C:0107H         LINE#         343
  C:0109H         LINE#         344
  C:010BH         LINE#         345
  -------         ENDPROC       MAIN
  -------         ENDMOD        QUEEN

  -------         MODULE        ?C?CLDPTR
  C:0224H         PUBLIC        ?C?CLDPTR
  -------         ENDMOD        ?C?CLDPTR

  -------         MODULE        ?C?CSTOPTR
  C:023DH         PUBLIC        ?C?CSTOPTR
  -------         ENDMOD        ?C?CSTOPTR

Program Size: data=89.0 xdata=0 code=919
LINK/LOCATE RUN COMPLETE.  0 WARNING(S),  0 ERROR(S)
