BL51 BANKED LINKER/LOCATER V6.22                                                        11/19/2014  11:18:02  PAGE 1


BL51 BANKED LINKER/LOCATER V6.22, INVOKED BY:
C:\KEIL\C51\BIN\BL51.EXE WorkerB.obj TO test RAMSIZE (256)


MEMORY MODEL: SMALL


INPUT MODULES INCLUDED:
  WorkerB.obj (WORKERB)
  C:\KEIL\C51\LIB\C51S.LIB (?C_STARTUP)
  C:\KEIL\C51\LIB\C51S.LIB (?C?CLDPTR)
  C:\KEIL\C51\LIB\C51S.LIB (?C?CSTOPTR)
  C:\KEIL\C51\LIB\C51S.LIB (?C_INIT)


LINK MAP OF MODULE:  test (WORKERB)


            TYPE    BASE      LENGTH    RELOCATION   SEGMENT NAME
            -----------------------------------------------------

            * * * * * * *   D A T A   M E M O R Y   * * * * * * *
            REG     0000H     0008H     ABSOLUTE     "REG BANK 0"
            DATA    0008H     000DH     UNIT         _DATA_GROUP_
                    0015H     000BH                  *** GAP ***
            DATA    0020H     0001H     BIT_ADDR     ?BA?WORKERB
            DATA    0021H     003CH     UNIT         ?DT?WORKERB
            IDATA   005DH     0001H     UNIT         ?STACK

            * * * * * * *   C O D E   M E M O R Y   * * * * * * *
            CODE    0000H     0003H     ABSOLUTE     
            CODE    0003H     00A3H     UNIT         ?PR?MAIN?WORKERB
            CODE    00A6H     008CH     UNIT         ?C_C51STARTUP
            CODE    0132H     0047H     UNIT         ?C_INITSEG
            CODE    0179H     0043H     UNIT         ?PR?INIT_NRF24L01?WORKERB
            CODE    01BCH     003BH     UNIT         ?C?LIB_CODE
            CODE    01F7H     0039H     UNIT         ?PR?_SPI_WRITE_BUF?WORKERB
            CODE    0230H     0031H     UNIT         ?PR?_SPI_READ_BUF?WORKERB
            CODE    0261H     002EH     UNIT         ?PR?_NRF24L01_RXPACKET?WORKERB
            CODE    028FH     002BH     UNIT         ?PR?_NRF24L01_TXPACKET?WORKERB
            CODE    02BAH     0023H     UNIT         ?PR?_DELAY?WORKERB
            CODE    02DDH     0019H     UNIT         ?PR?_SPI_RW?WORKERB
            CODE    02F6H     0011H     UNIT         ?PR?_SPI_RW_REG?WORKERB
            CODE    0307H     0010H     UNIT         ?PR?SETRX_MODE?WORKERB
            CODE    0317H     000DH     UNIT         ?PR?_SPI_READ?WORKERB
            CODE    0324H     000BH     UNIT         ?PR?_INERDELAY_US?WORKERB



OVERLAY MAP OF MODULE:   test (WORKERB)


SEGMENT                                  DATA_GROUP 
  +--> CALLED SEGMENT                  START    LENGTH
------------------------------------------------------
?C_C51STARTUP                          -----    -----
  +--> ?PR?MAIN?WORKERB
  +--> ?C_INITSEG
BL51 BANKED LINKER/LOCATER V6.22                                                      11/19/2014  11:18:02  PAGE 2



?PR?MAIN?WORKERB                       0008H    0005H
  +--> ?PR?INIT_NRF24L01?WORKERB
  +--> ?PR?_NRF24L01_TXPACKET?WORKERB
  +--> ?PR?_DELAY?WORKERB
  +--> ?PR?SETRX_MODE?WORKERB
  +--> ?PR?_NRF24L01_RXPACKET?WORKERB

?PR?INIT_NRF24L01?WORKERB              -----    -----
  +--> ?PR?_INERDELAY_US?WORKERB
  +--> ?PR?_SPI_WRITE_BUF?WORKERB
  +--> ?PR?_SPI_RW_REG?WORKERB

?PR?_SPI_WRITE_BUF?WORKERB             0010H    0005H
  +--> ?PR?_SPI_RW?WORKERB

?PR?_SPI_RW_REG?WORKERB                -----    -----
  +--> ?PR?_SPI_RW?WORKERB

?PR?_NRF24L01_TXPACKET?WORKERB         000DH    0003H
  +--> ?PR?_SPI_WRITE_BUF?WORKERB
  +--> ?PR?_SPI_RW_REG?WORKERB
  +--> ?PR?_INERDELAY_US?WORKERB

?PR?SETRX_MODE?WORKERB                 -----    -----
  +--> ?PR?_SPI_RW_REG?WORKERB
  +--> ?PR?_INERDELAY_US?WORKERB

?PR?_NRF24L01_RXPACKET?WORKERB         000DH    0003H
  +--> ?PR?_SPI_READ?WORKERB
  +--> ?PR?_SPI_READ_BUF?WORKERB
  +--> ?PR?_SPI_RW_REG?WORKERB

?PR?_SPI_READ?WORKERB                  -----    -----
  +--> ?PR?_SPI_RW?WORKERB

?PR?_SPI_READ_BUF?WORKERB              0010H    0005H
  +--> ?PR?_SPI_RW?WORKERB



SYMBOL TABLE OF MODULE:  test (WORKERB)

  VALUE           TYPE          NAME
  ----------------------------------

  -------         MODULE        WORKERB
  C:0000H         SYMBOL        _ICE_DUMMY_
  D:0080H         PUBLIC        P0
  D:0090H         PUBLIC        P1
  D:00A0H         PUBLIC        P2
  D:00B0H         PUBLIC        P3
  B:0090H.1       PUBLIC        CE
  D:00A8H         PUBLIC        IE
  C:0179H         PUBLIC        init_NRF24L01
  D:0021H         PUBLIC        RX_ADDRESS
  D:0026H         PUBLIC        TX_ADDRESS
BL51 BANKED LINKER/LOCATER V6.22                                                      11/19/2014  11:18:02  PAGE 3


  D:00B8H         PUBLIC        IP
  B:00B0H.6       PUBLIC        KEY1
  B:00B0H.7       PUBLIC        KEY2
  B:00B0H.5       PUBLIC        KEY3
  B:0020H.6       PUBLIC        RX_DR
  B:0020H.5       PUBLIC        TX_DS
  C:0261H         PUBLIC        _nRF24L01_RxPacket
  C:028FH         PUBLIC        _nRF24L01_TxPacket
  C:0003H         PUBLIC        main
  D:0098H         PUBLIC        SCON
  D:0088H         PUBLIC        TCON
  B:0090H.4       PUBLIC        MOSI
  B:0090H.3       PUBLIC        MISO
  C:0307H         PUBLIC        SetRX_Mode
  D:002BH         PUBLIC        seg
  D:0020H         PUBLIC        sta
  C:0230H         PUBLIC        _SPI_Read_Buf
  C:0317H         PUBLIC        _SPI_Read
  C:01FEH         PUBLIC        _SPI_Write_Buf
  B:0090H.2       PUBLIC        SCK
  B:00B0H.2       PUBLIC        CSN
  B:00A0H.3       PUBLIC        led0
  B:00A0H.2       PUBLIC        led1
  D:00C8H         PUBLIC        T2CON
  B:00A0H.1       PUBLIC        led2
  B:00A0H.0       PUBLIC        led3
  D:0035H         PUBLIC        RxBuf
  D:0049H         PUBLIC        TxBuf
  C:0324H         PUBLIC        _inerDelay_us
  B:0020H.4       PUBLIC        MAX_RT
  C:02BAH         PUBLIC        _Delay
  C:02F6H         PUBLIC        _SPI_RW_Reg
  C:02DDH         PUBLIC        _SPI_RW
  D:00D0H         PUBLIC        PSW
  -------         PROC          _DELAY
  D:0006H         SYMBOL        s
  -------         DO            
  D:0004H         SYMBOL        i
  -------         ENDDO         
  C:02BAH         LINE#         86
  C:02BAH         LINE#         87
  C:02BAH         LINE#         89
  C:02CBH         LINE#         90
  C:02DCH         LINE#         91
  -------         ENDPROC       _DELAY
  -------         PROC          _INERDELAY_US
  D:0007H         SYMBOL        n
  C:0324H         LINE#         100
  C:0324H         LINE#         101
  C:0324H         LINE#         102
  C:032AH         LINE#         103
  C:032EH         LINE#         104
  -------         ENDPROC       _INERDELAY_US
  -------         PROC          INIT_NRF24L01
  C:0179H         LINE#         108
  C:0179H         LINE#         109
  C:0179H         LINE#         110
BL51 BANKED LINKER/LOCATER V6.22                                                      11/19/2014  11:18:02  PAGE 4


  C:017EH         LINE#         111
  C:0180H         LINE#         112
  C:0182H         LINE#         113
  C:0184H         LINE#         114
  C:0192H         LINE#         115
  C:0199H         LINE#         116
  C:01A0H         LINE#         117
  C:01A7H         LINE#         118
  C:01AEH         LINE#         119
  C:01B5H         LINE#         120
  -------         ENDPROC       INIT_NRF24L01
  -------         PROC          _SPI_RW
  D:0007H         SYMBOL        uchar
  -------         DO            
  D:0006H         SYMBOL        bit_ctr
  -------         ENDDO         
  C:02DDH         LINE#         126
  C:02DDH         LINE#         127
  C:02DDH         LINE#         129
  C:02DFH         LINE#         130
  C:02DFH         LINE#         131
  C:02E3H         LINE#         132
  C:02E7H         LINE#         133
  C:02E9H         LINE#         134
  C:02EFH         LINE#         135
  C:02F1H         LINE#         136
  C:02F5H         LINE#         137
  C:02F5H         LINE#         138
  -------         ENDPROC       _SPI_RW
  -------         PROC          _SPI_READ
  D:0007H         SYMBOL        reg
  -------         DO            
  D:0007H         SYMBOL        reg_val
  -------         ENDDO         
  C:0317H         LINE#         143
  C:0317H         LINE#         144
  C:0317H         LINE#         147
  C:0319H         LINE#         148
  C:031CH         LINE#         149
  C:0321H         LINE#         150
  C:0323H         LINE#         152
  C:0323H         LINE#         153
  -------         ENDPROC       _SPI_READ
  -------         PROC          _SPI_RW_REG
  D:0007H         SYMBOL        reg
  D:0005H         SYMBOL        value
  -------         DO            
  D:0004H         SYMBOL        status
  -------         ENDDO         
  C:02F6H         LINE#         157
  C:02F6H         LINE#         158
  C:02F6H         LINE#         161
  C:02F8H         LINE#         162
  C:02FDH         LINE#         163
  C:0302H         LINE#         164
  C:0304H         LINE#         166
  C:0306H         LINE#         167
BL51 BANKED LINKER/LOCATER V6.22                                                      11/19/2014  11:18:02  PAGE 5


  -------         ENDPROC       _SPI_RW_REG
  -------         PROC          _SPI_READ_BUF
  D:0007H         SYMBOL        reg
  D:0011H         SYMBOL        pBuf
  D:0014H         SYMBOL        uchars
  -------         DO            
  D:0005H         SYMBOL        status
  D:0004H         SYMBOL        uchar_ctr
  -------         ENDDO         
  C:0230H         LINE#         172
  C:0236H         LINE#         173
  C:0236H         LINE#         176
  C:0238H         LINE#         177
  C:023DH         LINE#         179
  C:0245H         LINE#         180
  C:025CH         LINE#         182
  C:025EH         LINE#         184
  C:0260H         LINE#         185
  -------         ENDPROC       _SPI_READ_BUF
  -------         PROC          L?0045
  -------         ENDPROC       L?0045
  -------         PROC          _SPI_WRITE_BUF
  D:0007H         SYMBOL        reg
  D:0011H         SYMBOL        pBuf
  D:0014H         SYMBOL        uchars
  -------         DO            
  D:0005H         SYMBOL        status
  D:0004H         SYMBOL        uchar_ctr
  -------         ENDDO         
  C:01FEH         LINE#         190
  C:0204H         LINE#         191
  C:0204H         LINE#         194
  C:0206H         LINE#         195
  C:020BH         LINE#         196
  C:0213H         LINE#         197
  C:022BH         LINE#         198
  C:022DH         LINE#         199
  C:022FH         LINE#         200
  -------         ENDPROC       _SPI_WRITE_BUF
  -------         PROC          SETRX_MODE
  C:0307H         LINE#         205
  C:0307H         LINE#         206
  C:0307H         LINE#         207
  C:0309H         LINE#         208
  C:0310H         LINE#         209
  C:0312H         LINE#         210
  -------         ENDPROC       SETRX_MODE
  -------         PROC          _NRF24L01_RXPACKET
  D:000DH         SYMBOL        rx_buf
  -------         DO            
  D:0003H         SYMBOL        revale
  -------         ENDDO         
  C:0261H         LINE#         216
  C:0267H         LINE#         217
  C:0267H         LINE#         218
  C:0269H         LINE#         219
  C:0270H         LINE#         220
BL51 BANKED LINKER/LOCATER V6.22                                                      11/19/2014  11:18:02  PAGE 6


  C:0273H         LINE#         221
  C:0273H         LINE#         222
  C:0275H         LINE#         223
  C:0283H         LINE#         224
  C:0285H         LINE#         225
  C:0285H         LINE#         226
  C:028CH         LINE#         227
  C:028EH         LINE#         228
  -------         ENDPROC       _NRF24L01_RXPACKET
  -------         PROC          _NRF24L01_TXPACKET
  D:000DH         SYMBOL        tx_buf
  C:028FH         LINE#         233
  C:0295H         LINE#         234
  C:0295H         LINE#         235
  C:0297H         LINE#         236
  C:029EH         LINE#         237
  C:02ACH         LINE#         238
  C:02B3H         LINE#         239
  C:02B5H         LINE#         240
  -------         ENDPROC       _NRF24L01_TXPACKET
  -------         PROC          MAIN
  -------         DO            
  D:0008H         SYMBOL        Asking
  D:000AH         SYMBOL        Quizing
  D:000CH         SYMBOL        tf
  -------         ENDDO         
  C:0003H         LINE#         243
  C:0003H         LINE#         244
  C:0003H         LINE#         246
  C:0006H         LINE#         247
  C:000EH         LINE#         248
  C:0011H         LINE#         249
  C:0019H         LINE#         250
  C:001CH         LINE#         251
  C:001CH         LINE#         252
  C:001FH         LINE#         253
  C:0022H         LINE#         254
  C:0028H         LINE#         255
  C:002BH         LINE#         256
  C:002EH         LINE#         257
  C:002EH         LINE#         258
  C:0034H         LINE#         259
  C:0037H         LINE#         260
  C:003AH         LINE#         261
  C:003DH         LINE#         262
  C:0042H         LINE#         263
  C:0045H         LINE#         264
  C:0045H         LINE#         265
  C:0048H         LINE#         266
  C:004BH         LINE#         267
  C:004EH         LINE#         268
  C:0053H         LINE#         269
  C:0056H         LINE#         270
  C:0056H         LINE#         271
  C:0056H         LINE#         272
  C:005BH         LINE#         273
  C:0064H         LINE#         274
BL51 BANKED LINKER/LOCATER V6.22                                                      11/19/2014  11:18:02  PAGE 7


  C:0067H         LINE#         275
  C:0069H         LINE#         276
  C:0070H         LINE#         277
  C:0070H         LINE#         278
  C:0073H         LINE#         279
  C:007CH         LINE#         280
  C:0080H         LINE#         281
  C:0083H         LINE#         282
  C:0088H         LINE#         283
  C:008BH         LINE#         284
  C:008BH         LINE#         285
  C:0090H         LINE#         286
  C:0096H         LINE#         287
  C:0099H         LINE#         288
  C:0099H         LINE#         293
  C:00A0H         LINE#         294
  C:00A0H         LINE#         295
  C:00A3H         LINE#         296
  -------         ENDPROC       MAIN
  -------         ENDMOD        WORKERB

  -------         MODULE        ?C?CLDPTR
  C:01BCH         PUBLIC        ?C?CLDPTR
  -------         ENDMOD        ?C?CLDPTR

  -------         MODULE        ?C?CSTOPTR
  C:01D5H         PUBLIC        ?C?CSTOPTR
  -------         ENDMOD        ?C?CSTOPTR

Program Size: data=83.0 xdata=0 code=815
LINK/LOCATE RUN COMPLETE.  0 WARNING(S),  0 ERROR(S)
